2026-07-03 15:45:55,029 - MainProcess - INFO - Found 5 files to process
2026-07-03 15:45:55,029 - MainProcess - INFO - Configuration: skip_existing=False, run_parallel=True
2026-07-03 15:47:08,044 - MainProcess - INFO - Found 5 files to process
2026-07-03 15:47:08,044 - MainProcess - INFO - Configuration: skip_existing=False, run_parallel=True
2026-07-03 15:47:08,044 - MainProcess - INFO - Using 5 parallel workers (total CPUs: 8)
2026-07-03 15:47:08,044 - MainProcess - INFO - Chunk size: 1
2026-07-03 15:47:11,090 - SpawnPoolWorker-2 - INFO - ============================================================
2026-07-03 15:47:11,090 - SpawnPoolWorker-2 - INFO - Processing file: CereVess_AB10773.nii.gz (OUTPUT: Results/CereVess_AB10773)
2026-07-03 15:47:11,091 - SpawnPoolWorker-2 - INFO - ============================================================
2026-07-03 15:47:11,090 - SpawnPoolWorker-3 - INFO - ============================================================
2026-07-03 15:47:11,091 - SpawnPoolWorker-3 - INFO - Processing file: CereVess_AB10785.nii.gz (OUTPUT: Results/CereVess_AB10785)
2026-07-03 15:47:11,091 - SpawnPoolWorker-3 - INFO - ============================================================
2026-07-03 15:47:11,091 - SpawnPoolWorker-3 - WARNING - Image file not found: path/to/00_ORIGINAL_Dataset/CereVess_AB10785.nii.gz
2026-07-03 15:47:11,091 - SpawnPoolWorker-2 - WARNING - Image file not found: path/to/00_ORIGINAL_Dataset/CereVess_AB10773.nii.gz
2026-07-03 15:47:11,091 - SpawnPoolWorker-3 - INFO -   Starting VESSEL GRAPH EXTRACTION for: CereVess_AB10785.nii.gz
2026-07-03 15:47:11,091 - SpawnPoolWorker-2 - INFO -   Starting VESSEL GRAPH EXTRACTION for: CereVess_AB10773.nii.gz
2026-07-03 15:47:11,142 - SpawnPoolWorker-4 - INFO - ============================================================
2026-07-03 15:47:11,142 - SpawnPoolWorker-4 - INFO - Processing file: CereVess_AB10890.nii.gz (OUTPUT: Results/CereVess_AB10890)
2026-07-03 15:47:11,143 - SpawnPoolWorker-4 - INFO - ============================================================
2026-07-03 15:47:11,143 - SpawnPoolWorker-4 - WARNING - Image file not found: path/to/00_ORIGINAL_Dataset/CereVess_AB10890.nii.gz
2026-07-03 15:47:11,143 - SpawnPoolWorker-1 - INFO - ============================================================
2026-07-03 15:47:11,143 - SpawnPoolWorker-4 - INFO -   Starting VESSEL GRAPH EXTRACTION for: CereVess_AB10890.nii.gz
2026-07-03 15:47:11,143 - SpawnPoolWorker-1 - INFO - Processing file: CereVess_AB10520.nii.gz (OUTPUT: Results/CereVess_AB10520)
2026-07-03 15:47:11,144 - SpawnPoolWorker-1 - INFO - ============================================================
2026-07-03 15:47:11,144 - SpawnPoolWorker-1 - WARNING - Image file not found: path/to/00_ORIGINAL_Dataset/CereVess_AB10520.nii.gz
2026-07-03 15:47:11,144 - SpawnPoolWorker-1 - INFO -   Starting VESSEL GRAPH EXTRACTION for: CereVess_AB10520.nii.gz
2026-07-03 15:47:11,189 - SpawnPoolWorker-5 - INFO - ============================================================
2026-07-03 15:47:11,189 - SpawnPoolWorker-5 - INFO - Processing file: CereVess_AB10678.nii.gz (OUTPUT: Results/CereVess_AB10678)
2026-07-03 15:47:11,189 - SpawnPoolWorker-5 - INFO - ============================================================
2026-07-03 15:47:11,189 - SpawnPoolWorker-5 - WARNING - Image file not found: path/to/00_ORIGINAL_Dataset/CereVess_AB10678.nii.gz
2026-07-03 15:47:11,189 - SpawnPoolWorker-5 - INFO -   Starting VESSEL GRAPH EXTRACTION for: CereVess_AB10678.nii.gz
2026-07-03 15:47:12,363 - SpawnPoolWorker-2 - ERROR - Failed to process CereVess_AB10773.nii.gz: The truth value of an array with more than one element is ambiguous. Use a.any() or a.all()
2026-07-03 15:47:12,366 - SpawnPoolWorker-2 - ERROR - Traceback (most recent call last):
  File "/Users/alessandrobenvenuti/Desktop/Università/Thesis/CaravelMetrics/CaravelMetrics/CaravelMetrics.py", line 133, in process_single_file
    extract_graph(mask_path, output_folder)
    ~~~~~~~~~~~~~^^^^^^^^^^^^^^^^^^^^^^^^^^
  File "/Users/alessandrobenvenuti/Desktop/Università/Thesis/CaravelMetrics/CaravelMetrics/Graph_extractor.py", line 99, in extract_graph
    mesh = vol.isosurface(value=0.5).apply_transform(affine)
  File "/Library/Frameworks/Python.framework/Versions/3.13/lib/python3.13/site-packages/vedo/core/points.py", line 39, in apply_transform
    if cls.dataset.GetNumberOfPoints() == 0 or not LT:
                                                   ^^
ValueError: The truth value of an array with more than one element is ambiguous. Use a.any() or a.all()

2026-07-03 15:47:12,398 - SpawnPoolWorker-5 - ERROR - Failed to process CereVess_AB10678.nii.gz: The truth value of an array with more than one element is ambiguous. Use a.any() or a.all()
2026-07-03 15:47:12,400 - SpawnPoolWorker-5 - ERROR - Traceback (most recent call last):
  File "/Users/alessandrobenvenuti/Desktop/Università/Thesis/CaravelMetrics/CaravelMetrics/CaravelMetrics.py", line 133, in process_single_file
    extract_graph(mask_path, output_folder)
    ~~~~~~~~~~~~~^^^^^^^^^^^^^^^^^^^^^^^^^^
  File "/Users/alessandrobenvenuti/Desktop/Università/Thesis/CaravelMetrics/CaravelMetrics/Graph_extractor.py", line 99, in extract_graph
    mesh = vol.isosurface(value=0.5).apply_transform(affine)
  File "/Library/Frameworks/Python.framework/Versions/3.13/lib/python3.13/site-packages/vedo/core/points.py", line 39, in apply_transform
    if cls.dataset.GetNumberOfPoints() == 0 or not LT:
                                                   ^^
ValueError: The truth value of an array with more than one element is ambiguous. Use a.any() or a.all()

2026-07-03 15:47:12,431 - SpawnPoolWorker-4 - ERROR - Failed to process CereVess_AB10890.nii.gz: The truth value of an array with more than one element is ambiguous. Use a.any() or a.all()
2026-07-03 15:47:12,437 - SpawnPoolWorker-4 - ERROR - Traceback (most recent call last):
  File "/Users/alessandrobenvenuti/Desktop/Università/Thesis/CaravelMetrics/CaravelMetrics/CaravelMetrics.py", line 133, in process_single_file
    extract_graph(mask_path, output_folder)
    ~~~~~~~~~~~~~^^^^^^^^^^^^^^^^^^^^^^^^^^
  File "/Users/alessandrobenvenuti/Desktop/Università/Thesis/CaravelMetrics/CaravelMetrics/Graph_extractor.py", line 99, in extract_graph
    mesh = vol.isosurface(value=0.5).apply_transform(affine)
  File "/Library/Frameworks/Python.framework/Versions/3.13/lib/python3.13/site-packages/vedo/core/points.py", line 39, in apply_transform
    if cls.dataset.GetNumberOfPoints() == 0 or not LT:
                                                   ^^
ValueError: The truth value of an array with more than one element is ambiguous. Use a.any() or a.all()

2026-07-03 15:47:12,438 - SpawnPoolWorker-3 - ERROR - Failed to process CereVess_AB10785.nii.gz: The truth value of an array with more than one element is ambiguous. Use a.any() or a.all()
2026-07-03 15:47:12,439 - SpawnPoolWorker-1 - ERROR - Failed to process CereVess_AB10520.nii.gz: The truth value of an array with more than one element is ambiguous. Use a.any() or a.all()
2026-07-03 15:47:12,442 - SpawnPoolWorker-3 - ERROR - Traceback (most recent call last):
  File "/Users/alessandrobenvenuti/Desktop/Università/Thesis/CaravelMetrics/CaravelMetrics/CaravelMetrics.py", line 133, in process_single_file
    extract_graph(mask_path, output_folder)
    ~~~~~~~~~~~~~^^^^^^^^^^^^^^^^^^^^^^^^^^
  File "/Users/alessandrobenvenuti/Desktop/Università/Thesis/CaravelMetrics/CaravelMetrics/Graph_extractor.py", line 99, in extract_graph
    mesh = vol.isosurface(value=0.5).apply_transform(affine)
  File "/Library/Frameworks/Python.framework/Versions/3.13/lib/python3.13/site-packages/vedo/core/points.py", line 39, in apply_transform
    if cls.dataset.GetNumberOfPoints() == 0 or not LT:
                                                   ^^
ValueError: The truth value of an array with more than one element is ambiguous. Use a.any() or a.all()

2026-07-03 15:47:12,443 - SpawnPoolWorker-1 - ERROR - Traceback (most recent call last):
  File "/Users/alessandrobenvenuti/Desktop/Università/Thesis/CaravelMetrics/CaravelMetrics/CaravelMetrics.py", line 133, in process_single_file
    extract_graph(mask_path, output_folder)
    ~~~~~~~~~~~~~^^^^^^^^^^^^^^^^^^^^^^^^^^
  File "/Users/alessandrobenvenuti/Desktop/Università/Thesis/CaravelMetrics/CaravelMetrics/Graph_extractor.py", line 99, in extract_graph
    mesh = vol.isosurface(value=0.5).apply_transform(affine)
  File "/Library/Frameworks/Python.framework/Versions/3.13/lib/python3.13/site-packages/vedo/core/points.py", line 39, in apply_transform
    if cls.dataset.GetNumberOfPoints() == 0 or not LT:
                                                   ^^
ValueError: The truth value of an array with more than one element is ambiguous. Use a.any() or a.all()

2026-07-03 15:47:12,486 - MainProcess - INFO - 
============================================================
2026-07-03 15:47:12,486 - MainProcess - INFO - PROCESSING SUMMARY:
2026-07-03 15:47:12,486 - MainProcess - INFO - ============================================================
2026-07-03 15:47:12,486 - MainProcess - INFO - Successfully completed: 0/5
2026-07-03 15:47:12,486 - MainProcess - INFO - Failed: 5/5
2026-07-03 15:47:12,486 - MainProcess - ERROR - 
Failed files:
2026-07-03 15:47:12,486 - MainProcess - ERROR -   - CereVess_AB10773.nii.gz: The truth value of an array with more than one element is ambiguous. Use a.any() or a.all()
2026-07-03 15:47:12,486 - MainProcess - ERROR -   - CereVess_AB10785.nii.gz: The truth value of an array with more than one element is ambiguous. Use a.any() or a.all()
2026-07-03 15:47:12,486 - MainProcess - ERROR -   - CereVess_AB10890.nii.gz: The truth value of an array with more than one element is ambiguous. Use a.any() or a.all()
2026-07-03 15:47:12,486 - MainProcess - ERROR -   - CereVess_AB10520.nii.gz: The truth value of an array with more than one element is ambiguous. Use a.any() or a.all()
2026-07-03 15:47:12,486 - MainProcess - ERROR -   - CereVess_AB10678.nii.gz: The truth value of an array with more than one element is ambiguous. Use a.any() or a.all()
2026-07-03 15:47:12,486 - MainProcess - ERROR - 
Check processing.log for detailed error information
2026-07-03 15:47:12,486 - MainProcess - INFO - 
All results saved in: /Users/alessandrobenvenuti/Desktop/Università/Thesis/CaravelMetrics/CaravelMetrics/Results
2026-07-03 15:47:12,486 - MainProcess - INFO - Log file: processing.log
2026-07-03 15:50:20,657 - MainProcess - INFO - Found 5 files to process
2026-07-03 15:50:20,658 - MainProcess - INFO - Configuration: skip_existing=False, run_parallel=True
2026-07-03 15:50:20,658 - MainProcess - INFO - Using 5 parallel workers (total CPUs: 8)
2026-07-03 15:50:20,658 - MainProcess - INFO - Chunk size: 1
2026-07-03 15:50:23,295 - SpawnPoolWorker-5 - INFO - ============================================================
2026-07-03 15:50:23,296 - SpawnPoolWorker-5 - INFO - Processing file: CereVess_AB10773.nii.gz (OUTPUT: Results/CereVess_AB10773)
2026-07-03 15:50:23,296 - SpawnPoolWorker-5 - INFO - ============================================================
2026-07-03 15:50:23,296 - SpawnPoolWorker-5 - WARNING - Image file not found: path/to/00_ORIGINAL_Dataset/CereVess_AB10773.nii.gz
2026-07-03 15:50:23,296 - SpawnPoolWorker-5 - INFO -   Starting VESSEL GRAPH EXTRACTION for: CereVess_AB10773.nii.gz
2026-07-03 15:50:23,331 - SpawnPoolWorker-2 - INFO - ============================================================
2026-07-03 15:50:23,331 - SpawnPoolWorker-2 - INFO - Processing file: CereVess_AB10785.nii.gz (OUTPUT: Results/CereVess_AB10785)
2026-07-03 15:50:23,331 - SpawnPoolWorker-2 - INFO - ============================================================
2026-07-03 15:50:23,331 - SpawnPoolWorker-2 - WARNING - Image file not found: path/to/00_ORIGINAL_Dataset/CereVess_AB10785.nii.gz
2026-07-03 15:50:23,332 - SpawnPoolWorker-2 - INFO -   Starting VESSEL GRAPH EXTRACTION for: CereVess_AB10785.nii.gz
2026-07-03 15:50:23,337 - SpawnPoolWorker-3 - INFO - ============================================================
2026-07-03 15:50:23,337 - SpawnPoolWorker-3 - INFO - Processing file: CereVess_AB10890.nii.gz (OUTPUT: Results/CereVess_AB10890)
2026-07-03 15:50:23,337 - SpawnPoolWorker-3 - INFO - ============================================================
2026-07-03 15:50:23,338 - SpawnPoolWorker-3 - WARNING - Image file not found: path/to/00_ORIGINAL_Dataset/CereVess_AB10890.nii.gz
2026-07-03 15:50:23,338 - SpawnPoolWorker-3 - INFO -   Starting VESSEL GRAPH EXTRACTION for: CereVess_AB10890.nii.gz
2026-07-03 15:50:23,349 - SpawnPoolWorker-4 - INFO - ============================================================
2026-07-03 15:50:23,351 - SpawnPoolWorker-4 - INFO - Processing file: CereVess_AB10520.nii.gz (OUTPUT: Results/CereVess_AB10520)
2026-07-03 15:50:23,351 - SpawnPoolWorker-4 - INFO - ============================================================
2026-07-03 15:50:23,351 - SpawnPoolWorker-4 - WARNING - Image file not found: path/to/00_ORIGINAL_Dataset/CereVess_AB10520.nii.gz
2026-07-03 15:50:23,351 - SpawnPoolWorker-4 - INFO -   Starting VESSEL GRAPH EXTRACTION for: CereVess_AB10520.nii.gz
2026-07-03 15:50:23,885 - SpawnPoolWorker-1 - INFO - ============================================================
2026-07-03 15:50:23,886 - SpawnPoolWorker-1 - INFO - Processing file: CereVess_AB10678.nii.gz (OUTPUT: Results/CereVess_AB10678)
2026-07-03 15:50:23,886 - SpawnPoolWorker-1 - INFO - ============================================================
2026-07-03 15:50:23,886 - SpawnPoolWorker-1 - WARNING - Image file not found: path/to/00_ORIGINAL_Dataset/CereVess_AB10678.nii.gz
2026-07-03 15:50:23,886 - SpawnPoolWorker-1 - INFO -   Starting VESSEL GRAPH EXTRACTION for: CereVess_AB10678.nii.gz
2026-07-03 15:51:25,239 - SpawnPoolWorker-5 - INFO -   Vessel graph extracted and saved in: Results/CereVess_AB10773
2026-07-03 15:51:25,240 - SpawnPoolWorker-5 - INFO -   Starting METRICS COMPUTATION for: CereVess_AB10773.nii.gz
2026-07-03 15:51:26,207 - SpawnPoolWorker-5 - INFO -   Metrics computed and saved in: Results/CereVess_AB10773
2026-07-03 15:51:26,207 - SpawnPoolWorker-5 - INFO - Successfully completed processing: CereVess_AB10773.nii.gz
2026-07-03 15:51:58,787 - SpawnPoolWorker-4 - INFO -   Vessel graph extracted and saved in: Results/CereVess_AB10520
2026-07-03 15:51:58,787 - SpawnPoolWorker-4 - INFO -   Starting METRICS COMPUTATION for: CereVess_AB10520.nii.gz
2026-07-03 15:51:58,931 - SpawnPoolWorker-3 - INFO -   Vessel graph extracted and saved in: Results/CereVess_AB10890
2026-07-03 15:51:58,931 - SpawnPoolWorker-3 - INFO -   Starting METRICS COMPUTATION for: CereVess_AB10890.nii.gz
2026-07-03 15:51:59,428 - SpawnPoolWorker-4 - INFO -   Metrics computed and saved in: Results/CereVess_AB10520
2026-07-03 15:51:59,428 - SpawnPoolWorker-4 - INFO - Successfully completed processing: CereVess_AB10520.nii.gz
2026-07-03 15:51:59,560 - SpawnPoolWorker-3 - INFO -   Metrics computed and saved in: Results/CereVess_AB10890
2026-07-03 15:51:59,560 - SpawnPoolWorker-3 - INFO - Successfully completed processing: CereVess_AB10890.nii.gz
2026-07-03 15:52:00,162 - SpawnPoolWorker-1 - INFO -   Vessel graph extracted and saved in: Results/CereVess_AB10678
2026-07-03 15:52:00,162 - SpawnPoolWorker-1 - INFO -   Starting METRICS COMPUTATION for: CereVess_AB10678.nii.gz
2026-07-03 15:52:01,051 - SpawnPoolWorker-1 - INFO -   Metrics computed and saved in: Results/CereVess_AB10678
2026-07-03 15:52:01,051 - SpawnPoolWorker-1 - INFO - Successfully completed processing: CereVess_AB10678.nii.gz
2026-07-03 15:52:39,616 - SpawnPoolWorker-2 - INFO -   Vessel graph extracted and saved in: Results/CereVess_AB10785
2026-07-03 15:52:39,617 - SpawnPoolWorker-2 - INFO -   Starting METRICS COMPUTATION for: CereVess_AB10785.nii.gz
2026-07-03 15:52:40,370 - SpawnPoolWorker-2 - INFO -   Metrics computed and saved in: Results/CereVess_AB10785
2026-07-03 15:52:40,370 - SpawnPoolWorker-2 - INFO - Successfully completed processing: CereVess_AB10785.nii.gz
2026-07-03 15:52:40,416 - MainProcess - INFO - 
============================================================
2026-07-03 15:52:40,416 - MainProcess - INFO - PROCESSING SUMMARY:
2026-07-03 15:52:40,416 - MainProcess - INFO - ============================================================
2026-07-03 15:52:40,416 - MainProcess - INFO - Successfully completed: 5/5
2026-07-03 15:52:40,417 - MainProcess - INFO - Failed: 0/5
2026-07-03 15:52:40,417 - MainProcess - INFO - Success rate: 100.0%
2026-07-03 15:52:40,417 - MainProcess - INFO - 
All results saved in: /Users/alessandrobenvenuti/Desktop/Università/Thesis/CaravelMetrics/CaravelMetrics/Results
2026-07-03 15:52:40,417 - MainProcess - INFO - Log file: processing.log
2026-07-06 12:19:40,509 - MainProcess - INFO - Found 5 files to process
2026-07-06 12:19:40,509 - MainProcess - INFO - Configuration: use_atlas=True, skip_existing=False, run_parallel=True, num_workers=None, chunk_size=1
2026-07-06 12:19:40,510 - MainProcess - INFO - Using 5 parallel workers (total CPUs: 8)
2026-07-06 12:19:40,510 - MainProcess - INFO - Chunk size: 1
2026-07-06 12:19:43,374 - SpawnPoolWorker-1 - INFO - ============================================================
2026-07-06 12:19:43,374 - SpawnPoolWorker-1 - INFO - Processing file: CereVess_AB10773.nii.gz (OUTPUT: Results/CereVess_AB10773)
2026-07-06 12:19:43,374 - SpawnPoolWorker-1 - INFO - ============================================================
2026-07-06 12:19:43,374 - SpawnPoolWorker-1 - ERROR - Failed to process CereVess_AB10773.nii.gz: Image file not found: path/to/00_ORIGINAL_Dataset/CereVess_AB10773.nii.gz
2026-07-06 12:19:43,374 - SpawnPoolWorker-1 - ERROR - Traceback (most recent call last):
  File "/Users/alessandrobenvenuti/Desktop/Università/Thesis/CaravelMetrics/CaravelMetrics/CaravelMetrics.py", line 123, in process_single_file
    raise FileNotFoundError(f"Image file not found: {image_path}")
FileNotFoundError: Image file not found: path/to/00_ORIGINAL_Dataset/CereVess_AB10773.nii.gz

2026-07-06 12:19:43,375 - SpawnPoolWorker-1 - INFO - ============================================================
2026-07-06 12:19:43,375 - SpawnPoolWorker-1 - INFO - Processing file: CereVess_AB10785.nii.gz (OUTPUT: Results/CereVess_AB10785)
2026-07-06 12:19:43,375 - SpawnPoolWorker-1 - INFO - ============================================================
2026-07-06 12:19:43,375 - SpawnPoolWorker-1 - ERROR - Failed to process CereVess_AB10785.nii.gz: Image file not found: path/to/00_ORIGINAL_Dataset/CereVess_AB10785.nii.gz
2026-07-06 12:19:43,375 - SpawnPoolWorker-1 - ERROR - Traceback (most recent call last):
  File "/Users/alessandrobenvenuti/Desktop/Università/Thesis/CaravelMetrics/CaravelMetrics/CaravelMetrics.py", line 123, in process_single_file
    raise FileNotFoundError(f"Image file not found: {image_path}")
FileNotFoundError: Image file not found: path/to/00_ORIGINAL_Dataset/CereVess_AB10785.nii.gz

2026-07-06 12:19:43,375 - SpawnPoolWorker-1 - INFO - ============================================================
2026-07-06 12:19:43,375 - SpawnPoolWorker-1 - INFO - Processing file: CereVess_AB10890.nii.gz (OUTPUT: Results/CereVess_AB10890)
2026-07-06 12:19:43,376 - SpawnPoolWorker-1 - INFO - ============================================================
2026-07-06 12:19:43,376 - SpawnPoolWorker-1 - ERROR - Failed to process CereVess_AB10890.nii.gz: Image file not found: path/to/00_ORIGINAL_Dataset/CereVess_AB10890.nii.gz
2026-07-06 12:19:43,376 - SpawnPoolWorker-1 - ERROR - Traceback (most recent call last):
  File "/Users/alessandrobenvenuti/Desktop/Università/Thesis/CaravelMetrics/CaravelMetrics/CaravelMetrics.py", line 123, in process_single_file
    raise FileNotFoundError(f"Image file not found: {image_path}")
FileNotFoundError: Image file not found: path/to/00_ORIGINAL_Dataset/CereVess_AB10890.nii.gz

2026-07-06 12:19:43,376 - SpawnPoolWorker-1 - INFO - ============================================================
2026-07-06 12:19:43,376 - SpawnPoolWorker-1 - INFO - Processing file: CereVess_AB10520.nii.gz (OUTPUT: Results/CereVess_AB10520)
2026-07-06 12:19:43,376 - SpawnPoolWorker-1 - INFO - ============================================================
2026-07-06 12:19:43,376 - SpawnPoolWorker-1 - ERROR - Failed to process CereVess_AB10520.nii.gz: Image file not found: path/to/00_ORIGINAL_Dataset/CereVess_AB10520.nii.gz
2026-07-06 12:19:43,377 - SpawnPoolWorker-1 - ERROR - Traceback (most recent call last):
  File "/Users/alessandrobenvenuti/Desktop/Università/Thesis/CaravelMetrics/CaravelMetrics/CaravelMetrics.py", line 123, in process_single_file
    raise FileNotFoundError(f"Image file not found: {image_path}")
FileNotFoundError: Image file not found: path/to/00_ORIGINAL_Dataset/CereVess_AB10520.nii.gz

2026-07-06 12:19:43,377 - SpawnPoolWorker-1 - INFO - ============================================================
2026-07-06 12:19:43,377 - SpawnPoolWorker-1 - INFO - Processing file: CereVess_AB10678.nii.gz (OUTPUT: Results/CereVess_AB10678)
2026-07-06 12:19:43,377 - SpawnPoolWorker-1 - INFO - ============================================================
2026-07-06 12:19:43,377 - SpawnPoolWorker-1 - ERROR - Failed to process CereVess_AB10678.nii.gz: Image file not found: path/to/00_ORIGINAL_Dataset/CereVess_AB10678.nii.gz
2026-07-06 12:19:43,377 - SpawnPoolWorker-1 - ERROR - Traceback (most recent call last):
  File "/Users/alessandrobenvenuti/Desktop/Università/Thesis/CaravelMetrics/CaravelMetrics/CaravelMetrics.py", line 123, in process_single_file
    raise FileNotFoundError(f"Image file not found: {image_path}")
FileNotFoundError: Image file not found: path/to/00_ORIGINAL_Dataset/CereVess_AB10678.nii.gz

2026-07-06 12:19:43,392 - MainProcess - INFO - 
============================================================
2026-07-06 12:19:43,392 - MainProcess - INFO - PROCESSING SUMMARY:
2026-07-06 12:19:43,392 - MainProcess - INFO - ============================================================
2026-07-06 12:19:43,392 - MainProcess - INFO - Successfully completed: 0/5
2026-07-06 12:19:43,392 - MainProcess - INFO - Failed: 5/5
2026-07-06 12:19:43,392 - MainProcess - ERROR - 
Failed files:
2026-07-06 12:19:43,392 - MainProcess - ERROR -   - CereVess_AB10773.nii.gz: Image file not found: path/to/00_ORIGINAL_Dataset/CereVess_AB10773.nii.gz
2026-07-06 12:19:43,392 - MainProcess - ERROR -   - CereVess_AB10785.nii.gz: Image file not found: path/to/00_ORIGINAL_Dataset/CereVess_AB10785.nii.gz
2026-07-06 12:19:43,393 - MainProcess - ERROR -   - CereVess_AB10890.nii.gz: Image file not found: path/to/00_ORIGINAL_Dataset/CereVess_AB10890.nii.gz
2026-07-06 12:19:43,393 - MainProcess - ERROR -   - CereVess_AB10520.nii.gz: Image file not found: path/to/00_ORIGINAL_Dataset/CereVess_AB10520.nii.gz
2026-07-06 12:19:43,393 - MainProcess - ERROR -   - CereVess_AB10678.nii.gz: Image file not found: path/to/00_ORIGINAL_Dataset/CereVess_AB10678.nii.gz
2026-07-06 12:19:43,393 - MainProcess - ERROR - 
Check processing.log for detailed error information
2026-07-06 12:19:43,393 - MainProcess - INFO - 
All results saved in: /Users/alessandrobenvenuti/Desktop/Università/Thesis/CaravelMetrics/CaravelMetrics/Results
2026-07-06 12:19:43,393 - MainProcess - INFO - Log file: processing.log
2026-07-06 12:23:45,260 - MainProcess - INFO - Found 5 files to process
2026-07-06 12:23:45,260 - MainProcess - INFO - Configuration: use_atlas=False, skip_existing=False, run_parallel=True, num_workers=None, chunk_size=1
2026-07-06 12:23:45,260 - MainProcess - INFO - Using 5 parallel workers (total CPUs: 8)
2026-07-06 12:23:45,260 - MainProcess - INFO - Chunk size: 1
2026-07-06 12:23:48,171 - SpawnPoolWorker-4 - INFO - ============================================================
2026-07-06 12:23:48,171 - SpawnPoolWorker-4 - INFO - Processing file: CereVess_AB10773.nii.gz (OUTPUT: Results/CereVess_AB10773)
2026-07-06 12:23:48,171 - SpawnPoolWorker-4 - INFO - ============================================================
2026-07-06 12:23:48,172 - SpawnPoolWorker-4 - WARNING - Image file not found: path/to/00_ORIGINAL_Dataset/CereVess_AB10773.nii.gz
2026-07-06 12:23:48,172 - SpawnPoolWorker-4 - INFO -   Starting VESSEL GRAPH EXTRACTION for: CereVess_AB10773.nii.gz
2026-07-06 12:23:48,172 - SpawnPoolWorker-4 - INFO -   Vessel graph extracted and saved in: Results/CereVess_AB10773
2026-07-06 12:23:48,172 - SpawnPoolWorker-4 - INFO -   Starting METRICS COMPUTATION for: CereVess_AB10773.nii.gz
2026-07-06 12:23:48,229 - SpawnPoolWorker-5 - INFO - ============================================================
2026-07-06 12:23:48,229 - SpawnPoolWorker-5 - INFO - Processing file: CereVess_AB10785.nii.gz (OUTPUT: Results/CereVess_AB10785)
2026-07-06 12:23:48,229 - SpawnPoolWorker-5 - INFO - ============================================================
2026-07-06 12:23:48,229 - SpawnPoolWorker-5 - WARNING - Image file not found: path/to/00_ORIGINAL_Dataset/CereVess_AB10785.nii.gz
2026-07-06 12:23:48,229 - SpawnPoolWorker-5 - INFO -   Starting VESSEL GRAPH EXTRACTION for: CereVess_AB10785.nii.gz
2026-07-06 12:23:48,230 - SpawnPoolWorker-5 - INFO -   Vessel graph extracted and saved in: Results/CereVess_AB10785
2026-07-06 12:23:48,230 - SpawnPoolWorker-5 - INFO -   Starting METRICS COMPUTATION for: CereVess_AB10785.nii.gz
2026-07-06 12:23:48,255 - SpawnPoolWorker-2 - INFO - ============================================================
2026-07-06 12:23:48,256 - SpawnPoolWorker-2 - INFO - Processing file: CereVess_AB10890.nii.gz (OUTPUT: Results/CereVess_AB10890)
2026-07-06 12:23:48,256 - SpawnPoolWorker-2 - INFO - ============================================================
2026-07-06 12:23:48,256 - SpawnPoolWorker-2 - WARNING - Image file not found: path/to/00_ORIGINAL_Dataset/CereVess_AB10890.nii.gz
2026-07-06 12:23:48,256 - SpawnPoolWorker-2 - INFO -   Starting VESSEL GRAPH EXTRACTION for: CereVess_AB10890.nii.gz
2026-07-06 12:23:48,256 - SpawnPoolWorker-2 - INFO -   Vessel graph extracted and saved in: Results/CereVess_AB10890
2026-07-06 12:23:48,256 - SpawnPoolWorker-2 - INFO -   Starting METRICS COMPUTATION for: CereVess_AB10890.nii.gz
2026-07-06 12:23:48,303 - SpawnPoolWorker-1 - INFO - ============================================================
2026-07-06 12:23:48,303 - SpawnPoolWorker-1 - INFO - Processing file: CereVess_AB10520.nii.gz (OUTPUT: Results/CereVess_AB10520)
2026-07-06 12:23:48,303 - SpawnPoolWorker-1 - INFO - ============================================================
2026-07-06 12:23:48,303 - SpawnPoolWorker-1 - WARNING - Image file not found: path/to/00_ORIGINAL_Dataset/CereVess_AB10520.nii.gz
2026-07-06 12:23:48,304 - SpawnPoolWorker-1 - INFO -   Starting VESSEL GRAPH EXTRACTION for: CereVess_AB10520.nii.gz
2026-07-06 12:23:48,304 - SpawnPoolWorker-1 - INFO -   Vessel graph extracted and saved in: Results/CereVess_AB10520
2026-07-06 12:23:48,304 - SpawnPoolWorker-1 - INFO -   Starting METRICS COMPUTATION for: CereVess_AB10520.nii.gz
2026-07-06 12:23:48,531 - SpawnPoolWorker-3 - INFO - ============================================================
2026-07-06 12:23:48,531 - SpawnPoolWorker-3 - INFO - Processing file: CereVess_AB10678.nii.gz (OUTPUT: Results/CereVess_AB10678)
2026-07-06 12:23:48,531 - SpawnPoolWorker-3 - INFO - ============================================================
2026-07-06 12:23:48,531 - SpawnPoolWorker-3 - WARNING - Image file not found: path/to/00_ORIGINAL_Dataset/CereVess_AB10678.nii.gz
2026-07-06 12:23:48,531 - SpawnPoolWorker-3 - INFO -   Starting VESSEL GRAPH EXTRACTION for: CereVess_AB10678.nii.gz
2026-07-06 12:23:48,532 - SpawnPoolWorker-3 - INFO -   Vessel graph extracted and saved in: Results/CereVess_AB10678
2026-07-06 12:23:48,532 - SpawnPoolWorker-3 - INFO -   Starting METRICS COMPUTATION for: CereVess_AB10678.nii.gz
2026-07-06 12:23:49,193 - SpawnPoolWorker-4 - INFO -   Metrics computed and saved in: Results/CereVess_AB10773
2026-07-06 12:23:49,193 - SpawnPoolWorker-4 - INFO - Successfully completed processing: CereVess_AB10773.nii.gz
2026-07-06 12:23:49,193 - SpawnPoolWorker-2 - INFO -   Metrics computed and saved in: Results/CereVess_AB10890
2026-07-06 12:23:49,194 - SpawnPoolWorker-2 - INFO - Successfully completed processing: CereVess_AB10890.nii.gz
2026-07-06 12:23:49,226 - SpawnPoolWorker-1 - INFO -   Metrics computed and saved in: Results/CereVess_AB10520
2026-07-06 12:23:49,226 - SpawnPoolWorker-1 - INFO - Successfully completed processing: CereVess_AB10520.nii.gz
2026-07-06 12:23:49,810 - SpawnPoolWorker-3 - INFO -   Metrics computed and saved in: Results/CereVess_AB10678
2026-07-06 12:23:49,811 - SpawnPoolWorker-3 - INFO - Successfully completed processing: CereVess_AB10678.nii.gz
2026-07-06 12:23:49,845 - SpawnPoolWorker-5 - INFO -   Metrics computed and saved in: Results/CereVess_AB10785
2026-07-06 12:23:49,845 - SpawnPoolWorker-5 - INFO - Successfully completed processing: CereVess_AB10785.nii.gz
2026-07-06 12:23:49,876 - MainProcess - INFO - 
============================================================
2026-07-06 12:23:49,876 - MainProcess - INFO - PROCESSING SUMMARY:
2026-07-06 12:23:49,876 - MainProcess - INFO - ============================================================
2026-07-06 12:23:49,876 - MainProcess - INFO - Successfully completed: 5/5
2026-07-06 12:23:49,876 - MainProcess - INFO - Failed: 0/5
2026-07-06 12:23:49,876 - MainProcess - INFO - Success rate: 100.0%
2026-07-06 12:23:49,876 - MainProcess - INFO - 
All results saved in: /Users/alessandrobenvenuti/Desktop/Università/Thesis/CaravelMetrics/CaravelMetrics/Results
2026-07-06 12:23:49,877 - MainProcess - INFO - Log file: processing.log
2026-07-06 17:13:25,799 - MainProcess - INFO - Found 1 files to process
2026-07-06 17:13:25,800 - MainProcess - INFO - Configuration: use_atlas=True, skip_existing=False, run_parallel=True, num_workers=None, chunk_size=1
2026-07-06 17:13:25,800 - MainProcess - INFO - Using 1 parallel workers (total CPUs: 8)
2026-07-06 17:13:25,800 - MainProcess - INFO - Chunk size: 1
2026-07-06 17:13:27,917 - SpawnPoolWorker-1 - INFO - ============================================================
2026-07-06 17:13:27,917 - SpawnPoolWorker-1 - INFO - Processing file: IXI002-Guys-0828-MRA.nii.gz (OUTPUT: Results/IXI002-Guys-0828-MRA)
2026-07-06 17:13:27,917 - SpawnPoolWorker-1 - INFO - ============================================================
2026-07-06 17:13:27,917 - SpawnPoolWorker-1 - INFO -   Starting ATLAS REGISTRATION for: IXI002-Guys-0828-MRA.nii.gz
2026-07-06 17:13:28,206 - SpawnPoolWorker-1 - WARNING - FSLOUTPUTTYPE environment variable is not set. Setting FSLOUTPUTTYPE=NIFTI
2026-07-06 17:13:28,237 - SpawnPoolWorker-1 - ERROR - Failed to process IXI002-Guys-0828-MRA.nii.gz: No command "fslroi" found on host MacBook-Pro-di-alessandro-7.local. Please check that the corresponding package is installed.
2026-07-06 17:13:28,238 - SpawnPoolWorker-1 - ERROR - Traceback (most recent call last):
  File "/Users/alessandrobenvenuti/Desktop/Università/Thesis/CaravelMetrics/CaravelMetrics/CaravelMetrics.py", line 149, in process_single_file
    process_registration(image_path, t1_image_path, mask_path, atlas_path, output_folder)
    ~~~~~~~~~~~~~~~~~~~~^^^^^^^^^^^^^^^^^^^^^^^^^^^^^^^^^^^^^^^^^^^^^^^^^^^^^^^^^^^^^^^^^
  File "/Users/alessandrobenvenuti/Desktop/Università/Thesis/CaravelMetrics/CaravelMetrics/Atlas_Registration.py", line 220, in process_registration
    atlas_registration(atlas_path, arr_seg, image_path, image_t1_path, output_dir)
    ~~~~~~~~~~~~~~~~~~^^^^^^^^^^^^^^^^^^^^^^^^^^^^^^^^^^^^^^^^^^^^^^^^^^^^^^^^^^^^
  File "/Users/alessandrobenvenuti/Desktop/Università/Thesis/CaravelMetrics/CaravelMetrics/Atlas_Registration.py", line 85, in atlas_registration
    result = fsl_roi.run()
  File "/Library/Frameworks/Python.framework/Versions/3.13/lib/python3.13/site-packages/nipype/interfaces/base/core.py", line 402, in run
    runtime = self._run_interface(runtime)
  File "/Library/Frameworks/Python.framework/Versions/3.13/lib/python3.13/site-packages/nipype/interfaces/base/core.py", line 754, in _run_interface
    raise OSError(
    ...<3 lines>...
    )
OSError: No command "fslroi" found on host MacBook-Pro-di-alessandro-7.local. Please check that the corresponding package is installed.

2026-07-06 17:13:28,303 - MainProcess - INFO - 
============================================================
2026-07-06 17:13:28,307 - MainProcess - INFO - PROCESSING SUMMARY:
2026-07-06 17:13:28,307 - MainProcess - INFO - ============================================================
2026-07-06 17:13:28,307 - MainProcess - INFO - Successfully completed: 0/1
2026-07-06 17:13:28,307 - MainProcess - INFO - Failed: 1/1
2026-07-06 17:13:28,307 - MainProcess - ERROR - 
Failed files:
2026-07-06 17:13:28,307 - MainProcess - ERROR -   - IXI002-Guys-0828-MRA.nii.gz: No command "fslroi" found on host MacBook-Pro-di-alessandro-7.local. Please check that the corresponding package is installed.
2026-07-06 17:13:28,307 - MainProcess - ERROR - 
Check processing.log for detailed error information
2026-07-06 17:13:28,308 - MainProcess - INFO - 
All results saved in: /Users/alessandrobenvenuti/Desktop/Università/Thesis/CaravelMetrics/CaravelMetrics/Results
2026-07-06 17:13:28,308 - MainProcess - INFO - Log file: processing.log
2026-07-06 17:15:45,263 - MainProcess - INFO - Found 1 files to process
2026-07-06 17:15:45,264 - MainProcess - INFO - Configuration: use_atlas=True, skip_existing=False, run_parallel=True, num_workers=None, chunk_size=1
2026-07-06 17:15:45,264 - MainProcess - INFO - Using 1 parallel workers (total CPUs: 8)
2026-07-06 17:15:45,264 - MainProcess - INFO - Chunk size: 1
2026-07-06 17:15:47,365 - SpawnPoolWorker-1 - INFO - ============================================================
2026-07-06 17:15:47,365 - SpawnPoolWorker-1 - INFO - Processing file: IXI002-Guys-0828-MRA.nii.gz (OUTPUT: Results/IXI002-Guys-0828-MRA)
2026-07-06 17:15:47,365 - SpawnPoolWorker-1 - INFO - ============================================================
2026-07-06 17:15:47,365 - SpawnPoolWorker-1 - INFO -   Starting ATLAS REGISTRATION for: IXI002-Guys-0828-MRA.nii.gz
2026-07-06 17:15:47,688 - SpawnPoolWorker-1 - WARNING - FSLOUTPUTTYPE environment variable is not set. Setting FSLOUTPUTTYPE=NIFTI
2026-07-06 17:15:47,721 - SpawnPoolWorker-1 - ERROR - Failed to process IXI002-Guys-0828-MRA.nii.gz: No command "fslroi" found on host MacBook-Pro-di-alessandro-7.local. Please check that the corresponding package is installed.
2026-07-06 17:15:47,722 - SpawnPoolWorker-1 - ERROR - Traceback (most recent call last):
  File "/Users/alessandrobenvenuti/Desktop/Università/Thesis/CaravelMetrics/CaravelMetrics/CaravelMetrics.py", line 149, in process_single_file
    process_registration(image_path, t1_image_path, mask_path, atlas_path, output_folder)
    ~~~~~~~~~~~~~~~~~~~~^^^^^^^^^^^^^^^^^^^^^^^^^^^^^^^^^^^^^^^^^^^^^^^^^^^^^^^^^^^^^^^^^
  File "/Users/alessandrobenvenuti/Desktop/Università/Thesis/CaravelMetrics/CaravelMetrics/Atlas_Registration.py", line 246, in process_registration
    atlas_registration(atlas_path, arr_seg, image_path, image_t1_path, output_dir)
    ~~~~~~~~~~~~~~~~~~^^^^^^^^^^^^^^^^^^^^^^^^^^^^^^^^^^^^^^^^^^^^^^^^^^^^^^^^^^^^
  File "/Users/alessandrobenvenuti/Desktop/Università/Thesis/CaravelMetrics/CaravelMetrics/Atlas_Registration.py", line 98, in atlas_registration
    result = fsl_roi.run()
  File "/Library/Frameworks/Python.framework/Versions/3.13/lib/python3.13/site-packages/nipype/interfaces/base/core.py", line 402, in run
    runtime = self._run_interface(runtime)
  File "/Library/Frameworks/Python.framework/Versions/3.13/lib/python3.13/site-packages/nipype/interfaces/base/core.py", line 754, in _run_interface
    raise OSError(
    ...<3 lines>...
    )
OSError: No command "fslroi" found on host MacBook-Pro-di-alessandro-7.local. Please check that the corresponding package is installed.

2026-07-06 17:15:47,739 - MainProcess - INFO - 
============================================================
2026-07-06 17:15:47,739 - MainProcess - INFO - PROCESSING SUMMARY:
2026-07-06 17:15:47,739 - MainProcess - INFO - ============================================================
2026-07-06 17:15:47,739 - MainProcess - INFO - Successfully completed: 0/1
2026-07-06 17:15:47,739 - MainProcess - INFO - Failed: 1/1
2026-07-06 17:15:47,739 - MainProcess - ERROR - 
Failed files:
2026-07-06 17:15:47,739 - MainProcess - ERROR -   - IXI002-Guys-0828-MRA.nii.gz: No command "fslroi" found on host MacBook-Pro-di-alessandro-7.local. Please check that the corresponding package is installed.
2026-07-06 17:15:47,739 - MainProcess - ERROR - 
Check processing.log for detailed error information
2026-07-06 17:15:47,739 - MainProcess - INFO - 
All results saved in: /Users/alessandrobenvenuti/Desktop/Università/Thesis/CaravelMetrics/CaravelMetrics/Results
2026-07-06 17:15:47,740 - MainProcess - INFO - Log file: processing.log
2026-07-06 17:16:48,703 - MainProcess - INFO - Found 1 files to process
2026-07-06 17:16:48,703 - MainProcess - INFO - Configuration: use_atlas=True, skip_existing=False, run_parallel=True, num_workers=None, chunk_size=1
2026-07-06 17:16:48,704 - MainProcess - INFO - Using 1 parallel workers (total CPUs: 8)
2026-07-06 17:16:48,704 - MainProcess - INFO - Chunk size: 1
2026-07-06 17:16:50,503 - SpawnPoolWorker-1 - INFO - ============================================================
2026-07-06 17:16:50,503 - SpawnPoolWorker-1 - INFO - Processing file: IXI002-Guys-0828-MRA.nii.gz (OUTPUT: Results/IXI002-Guys-0828-MRA)
2026-07-06 17:16:50,503 - SpawnPoolWorker-1 - INFO - ============================================================
2026-07-06 17:16:50,503 - SpawnPoolWorker-1 - INFO -   Starting ATLAS REGISTRATION for: IXI002-Guys-0828-MRA.nii.gz
2026-07-06 17:16:57,870 - SpawnPoolWorker-1 - ERROR - Failed to process IXI002-Guys-0828-MRA.nii.gz: shapes (5,5) and (4,4) not aligned: 5 (dim 1) != 4 (dim 0)
2026-07-06 17:16:57,873 - SpawnPoolWorker-1 - ERROR - Traceback (most recent call last):
  File "/Users/alessandrobenvenuti/Desktop/Università/Thesis/CaravelMetrics/CaravelMetrics/CaravelMetrics.py", line 149, in process_single_file
    process_registration(image_path, t1_image_path, mask_path, atlas_path, output_folder)
    ~~~~~~~~~~~~~~~~~~~~^^^^^^^^^^^^^^^^^^^^^^^^^^^^^^^^^^^^^^^^^^^^^^^^^^^^^^^^^^^^^^^^^
  File "/Users/alessandrobenvenuti/Desktop/Università/Thesis/CaravelMetrics/CaravelMetrics/Atlas_Registration.py", line 254, in process_registration
    atlas_registration(atlas_path, arr_seg, image_path, image_t1_path, output_dir)
    ~~~~~~~~~~~~~~~~~~^^^^^^^^^^^^^^^^^^^^^^^^^^^^^^^^^^^^^^^^^^^^^^^^^^^^^^^^^^^^
  File "/Users/alessandrobenvenuti/Desktop/Università/Thesis/CaravelMetrics/CaravelMetrics/Atlas_Registration.py", line 195, in atlas_registration
    atlas_resampled = resample_from_to(atlas_img, mra_img, order=0)
  File "/Library/Frameworks/Python.framework/Versions/3.13/lib/python3.13/site-packages/nibabel/processing.py", line 178, in resample_from_to
    to_vox2from_vox = npl.inv(a_from_affine).dot(a_to_affine)
ValueError: shapes (5,5) and (4,4) not aligned: 5 (dim 1) != 4 (dim 0)

2026-07-06 17:16:57,895 - MainProcess - INFO - 
============================================================
2026-07-06 17:16:57,895 - MainProcess - INFO - PROCESSING SUMMARY:
2026-07-06 17:16:57,895 - MainProcess - INFO - ============================================================
2026-07-06 17:16:57,895 - MainProcess - INFO - Successfully completed: 0/1
2026-07-06 17:16:57,895 - MainProcess - INFO - Failed: 1/1
2026-07-06 17:16:57,895 - MainProcess - ERROR - 
Failed files:
2026-07-06 17:16:57,895 - MainProcess - ERROR -   - IXI002-Guys-0828-MRA.nii.gz: shapes (5,5) and (4,4) not aligned: 5 (dim 1) != 4 (dim 0)
2026-07-06 17:16:57,895 - MainProcess - ERROR - 
Check processing.log for detailed error information
2026-07-06 17:16:57,895 - MainProcess - INFO - 
All results saved in: /Users/alessandrobenvenuti/Desktop/Università/Thesis/CaravelMetrics/CaravelMetrics/Results
2026-07-06 17:16:57,895 - MainProcess - INFO - Log file: processing.log
2026-07-06 17:17:45,211 - MainProcess - INFO - Found 1 files to process
2026-07-06 17:17:45,211 - MainProcess - INFO - Configuration: use_atlas=True, skip_existing=False, run_parallel=True, num_workers=None, chunk_size=1
2026-07-06 17:17:45,211 - MainProcess - INFO - Using 1 parallel workers (total CPUs: 8)
2026-07-06 17:17:45,211 - MainProcess - INFO - Chunk size: 1
2026-07-06 17:17:47,176 - SpawnPoolWorker-1 - INFO - ============================================================
2026-07-06 17:17:47,176 - SpawnPoolWorker-1 - INFO - Processing file: IXI002-Guys-0828-MRA.nii.gz (OUTPUT: Results/IXI002-Guys-0828-MRA)
2026-07-06 17:17:47,176 - SpawnPoolWorker-1 - INFO - ============================================================
2026-07-06 17:17:47,178 - SpawnPoolWorker-1 - INFO -   Starting ATLAS REGISTRATION for: IXI002-Guys-0828-MRA.nii.gz
2026-07-06 17:17:55,414 - SpawnPoolWorker-1 - INFO -   REGISTERED ATLAS saved at: Results/IXI002-Guys-0828-MRA/IXI002-Guys-0828-T1_registered_atlas.nii.gz
2026-07-06 17:17:55,414 - SpawnPoolWorker-1 - INFO -   Starting VESSEL GRAPH EXTRACTION for: IXI002-Guys-0828-MRA.nii.gz
2026-07-06 17:19:31,847 - SpawnPoolWorker-1 - INFO -   Vessel graph extracted and saved in: Results/IXI002-Guys-0828-MRA
2026-07-06 17:19:31,847 - SpawnPoolWorker-1 - INFO -   Starting METRICS COMPUTATION for: IXI002-Guys-0828-MRA.nii.gz
2026-07-06 17:19:33,620 - SpawnPoolWorker-1 - INFO -   Metrics computed and saved in: Results/IXI002-Guys-0828-MRA
2026-07-06 17:19:33,620 - SpawnPoolWorker-1 - INFO - Successfully completed processing: IXI002-Guys-0828-MRA.nii.gz
2026-07-06 17:19:33,632 - MainProcess - INFO - 
============================================================
2026-07-06 17:19:33,632 - MainProcess - INFO - PROCESSING SUMMARY:
2026-07-06 17:19:33,632 - MainProcess - INFO - ============================================================
2026-07-06 17:19:33,632 - MainProcess - INFO - Successfully completed: 1/1
2026-07-06 17:19:33,632 - MainProcess - INFO - Failed: 0/1
2026-07-06 17:19:33,632 - MainProcess - INFO - Success rate: 100.0%
2026-07-06 17:19:33,633 - MainProcess - INFO - 
All results saved in: /Users/alessandrobenvenuti/Desktop/Università/Thesis/CaravelMetrics/CaravelMetrics/Results
2026-07-06 17:19:33,633 - MainProcess - INFO - Log file: processing.log
2026-07-06 17:30:20,358 - MainProcess - INFO - Found 1 files to process
2026-07-06 17:30:20,358 - MainProcess - INFO - Configuration: use_atlas=True, skip_existing=False, run_parallel=True, num_workers=None, chunk_size=1
2026-07-06 17:30:20,359 - MainProcess - INFO - Using 1 parallel workers (total CPUs: 8)
2026-07-06 17:30:20,359 - MainProcess - INFO - Chunk size: 1
2026-07-06 17:30:20,644 - MainProcess - WARNING - Processing interrupted by user
2026-07-06 17:30:39,700 - MainProcess - INFO - Found 1 files to process
2026-07-06 17:30:39,701 - MainProcess - INFO - Configuration: use_atlas=True, skip_existing=False, run_parallel=True, num_workers=None, chunk_size=1
2026-07-06 17:30:39,701 - MainProcess - INFO - Using 1 parallel workers (total CPUs: 8)
2026-07-06 17:30:39,701 - MainProcess - INFO - Chunk size: 1
2026-07-06 17:30:41,607 - SpawnPoolWorker-1 - INFO - ============================================================
2026-07-06 17:30:41,607 - SpawnPoolWorker-1 - INFO - Processing file: IXI002-Guys-0828-MRA.nii.gz (OUTPUT: Results/IXI002-Guys-0828-MRA)
2026-07-06 17:30:41,607 - SpawnPoolWorker-1 - INFO - ============================================================
2026-07-06 17:30:41,608 - SpawnPoolWorker-1 - INFO -   Starting ATLAS REGISTRATION for: IXI002-Guys-0828-MRA.nii.gz
2026-07-06 17:30:49,651 - SpawnPoolWorker-1 - INFO -   REGISTERED ATLAS saved at: Results/IXI002-Guys-0828-MRA/IXI002-Guys-0828-T1_registered_atlas.nii.gz
2026-07-06 17:30:49,653 - SpawnPoolWorker-1 - INFO -   Starting VESSEL GRAPH EXTRACTION for: IXI002-Guys-0828-MRA.nii.gz
2026-07-06 17:30:49,653 - SpawnPoolWorker-1 - INFO -   Vessel graph extracted and saved in: Results/IXI002-Guys-0828-MRA
2026-07-06 17:30:49,653 - SpawnPoolWorker-1 - INFO -   Starting METRICS COMPUTATION for: IXI002-Guys-0828-MRA.nii.gz
2026-07-06 17:30:51,304 - SpawnPoolWorker-1 - INFO -   Metrics computed and saved in: Results/IXI002-Guys-0828-MRA
2026-07-06 17:30:51,304 - SpawnPoolWorker-1 - INFO - Successfully completed processing: IXI002-Guys-0828-MRA.nii.gz
2026-07-06 17:30:51,318 - MainProcess - INFO - 
============================================================
2026-07-06 17:30:51,324 - MainProcess - INFO - PROCESSING SUMMARY:
2026-07-06 17:30:51,324 - MainProcess - INFO - ============================================================
2026-07-06 17:30:51,324 - MainProcess - INFO - Successfully completed: 1/1
2026-07-06 17:30:51,324 - MainProcess - INFO - Failed: 0/1
2026-07-06 17:30:51,324 - MainProcess - INFO - Success rate: 100.0%
2026-07-06 17:30:51,324 - MainProcess - INFO - 
All results saved in: /Users/alessandrobenvenuti/Desktop/Università/Thesis/CaravelMetrics/CaravelMetrics/Results
2026-07-06 17:30:51,324 - MainProcess - INFO - Log file: processing.log
2026-07-07 11:52:35,778 - MainProcess - INFO - Found 1 files to process
2026-07-07 11:52:35,779 - MainProcess - INFO - Configuration: use_atlas=True, skip_existing=False, run_parallel=True, num_workers=None, chunk_size=1
2026-07-07 11:52:35,779 - MainProcess - INFO - Using 1 parallel workers (total CPUs: 8)
2026-07-07 11:52:35,779 - MainProcess - INFO - Chunk size: 1
2026-07-07 11:52:38,535 - SpawnPoolWorker-1 - INFO - ============================================================
2026-07-07 11:52:38,535 - SpawnPoolWorker-1 - INFO - Processing file: IXI002-Guys-0828-MRA.nii.gz (OUTPUT: Results/IXI002-Guys-0828-MRA)
2026-07-07 11:52:38,535 - SpawnPoolWorker-1 - INFO - ============================================================
2026-07-07 11:52:38,535 - SpawnPoolWorker-1 - INFO -   Starting ATLAS REGISTRATION for: IXI002-Guys-0828-MRA.nii.gz
2026-07-07 11:52:46,018 - SpawnPoolWorker-1 - INFO -   REGISTERED ATLAS saved at: Results/IXI002-Guys-0828-MRA/IXI002-Guys-0828-T1_registered_atlas.nii.gz
2026-07-07 11:52:46,018 - SpawnPoolWorker-1 - INFO -   Starting VESSEL GRAPH EXTRACTION for: IXI002-Guys-0828-MRA.nii.gz
2026-07-07 11:52:46,018 - SpawnPoolWorker-1 - INFO -   Vessel graph extracted and saved in: Results/IXI002-Guys-0828-MRA
2026-07-07 11:52:46,018 - SpawnPoolWorker-1 - INFO -   Starting METRICS COMPUTATION for: IXI002-Guys-0828-MRA.nii.gz
2026-07-07 11:52:47,693 - SpawnPoolWorker-1 - INFO -   Metrics computed and saved in: Results/IXI002-Guys-0828-MRA
2026-07-07 11:52:47,693 - SpawnPoolWorker-1 - INFO - Successfully completed processing: IXI002-Guys-0828-MRA.nii.gz
2026-07-07 11:52:47,708 - MainProcess - INFO - 
============================================================
2026-07-07 11:52:47,708 - MainProcess - INFO - PROCESSING SUMMARY:
2026-07-07 11:52:47,708 - MainProcess - INFO - ============================================================
2026-07-07 11:52:47,708 - MainProcess - INFO - Successfully completed: 1/1
2026-07-07 11:52:47,708 - MainProcess - INFO - Failed: 0/1
2026-07-07 11:52:47,708 - MainProcess - INFO - Success rate: 100.0%
2026-07-07 11:52:47,709 - MainProcess - INFO - 
All results saved in: /Users/alessandrobenvenuti/Desktop/Università/Thesis/CaravelMetrics/CaravelMetrics/Results
2026-07-07 11:52:47,709 - MainProcess - INFO - Log file: processing.log
2026-07-07 16:22:26,939 - MainProcess - INFO - Found 3 files to process
2026-07-07 16:22:26,940 - MainProcess - INFO - Configuration: use_atlas=True, skip_existing=False, run_parallel=True, num_workers=None, chunk_size=1
2026-07-07 16:22:26,940 - MainProcess - INFO - Using 3 parallel workers (total CPUs: 8)
2026-07-07 16:22:26,940 - MainProcess - INFO - Chunk size: 1
2026-07-07 16:22:29,282 - SpawnPoolWorker-3 - INFO - ============================================================
2026-07-07 16:22:29,282 - SpawnPoolWorker-1 - ERROR - Failed to process IXI015-HH-1258-MRA.nii.gz: [Errno 28] No space left on device: 'Results/IXI015-HH-1258-MRA'
2026-07-07 16:22:29,282 - SpawnPoolWorker-3 - INFO - Processing file: IXI002-Guys-0828-MRA.nii.gz (OUTPUT: Results/IXI002-Guys-0828-MRA)
2026-07-07 16:22:29,282 - SpawnPoolWorker-3 - INFO - ============================================================
2026-07-07 16:22:29,282 - SpawnPoolWorker-3 - INFO -   Starting ATLAS REGISTRATION for: IXI002-Guys-0828-MRA.nii.gz
2026-07-07 16:22:30,755 - SpawnPoolWorker-3 - INFO - stderr 2026-07-07T16:22:30.755462:OMP: Warning #179: Function Can't set size of /tmp file failed:
2026-07-07 16:22:32,432 - SpawnPoolWorker-3 - INFO - stderr 2026-07-07T16:22:32.432138:libc++abi: terminating due to uncaught exception of type NiftiIO::NiftiException: Error: cant open file Results/IXI002-Guys-0828-MRA/IXI002-Guys-0828-T1_brain.nii.gz
2026-07-07 16:23:28,908 - MainProcess - INFO - Found 3 files to process
2026-07-07 16:23:28,909 - MainProcess - INFO - Configuration: use_atlas=True, skip_existing=False, run_parallel=True, num_workers=None, chunk_size=1
2026-07-07 16:23:28,909 - MainProcess - INFO - Using 3 parallel workers (total CPUs: 8)
2026-07-07 16:23:28,909 - MainProcess - INFO - Chunk size: 1
2026-07-07 16:23:31,256 - SpawnPoolWorker-2 - INFO - ============================================================
2026-07-07 16:23:31,256 - SpawnPoolWorker-2 - INFO - Processing file: IXI002-Guys-0828-MRA.nii.gz (OUTPUT: Results/IXI002-Guys-0828-MRA)
2026-07-07 16:23:31,256 - SpawnPoolWorker-2 - INFO - ============================================================
2026-07-07 16:23:31,256 - SpawnPoolWorker-2 - INFO -   Starting ATLAS REGISTRATION for: IXI002-Guys-0828-MRA.nii.gz
2026-07-07 16:23:31,257 - SpawnPoolWorker-1 - INFO - ============================================================
2026-07-07 16:23:31,257 - SpawnPoolWorker-1 - INFO - Processing file: IXI015-HH-1258-MRA.nii.gz (OUTPUT: Results/IXI015-HH-1258-MRA)
2026-07-07 16:23:31,257 - SpawnPoolWorker-1 - INFO - ============================================================
2026-07-07 16:23:31,257 - SpawnPoolWorker-1 - INFO -   Starting ATLAS REGISTRATION for: IXI015-HH-1258-MRA.nii.gz
2026-07-07 16:23:31,336 - SpawnPoolWorker-3 - INFO - ============================================================
2026-07-07 16:23:31,336 - SpawnPoolWorker-3 - INFO - Processing file: IXI023-Guys-0699-MRA.nii.gz (OUTPUT: Results/IXI023-Guys-0699-MRA)
2026-07-07 16:23:31,336 - SpawnPoolWorker-3 - INFO - ============================================================
2026-07-07 16:23:31,336 - SpawnPoolWorker-3 - INFO -   Starting ATLAS REGISTRATION for: IXI023-Guys-0699-MRA.nii.gz
2026-07-07 16:23:33,848 - SpawnPoolWorker-3 - ERROR - Failed to process IXI023-Guys-0699-MRA.nii.gz: Cannot set the undefined 'omat' attribute of a 'FLIRTInputSpec' object.
2026-07-07 16:23:33,849 - SpawnPoolWorker-3 - ERROR - Traceback (most recent call last):
  File "/Users/alessandrobenvenuti/Desktop/Università/Thesis/CaravelMetrics/CaravelMetrics/CaravelMetrics.py", line 149, in process_single_file
    process_registration(image_path, t1_image_path, mask_path, atlas_path, output_folder)
    ~~~~~~~~~~~~~~~~~~~~^^^^^^^^^^^^^^^^^^^^^^^^^^^^^^^^^^^^^^^^^^^^^^^^^^^^^^^^^^^^^^^^^
  File "/Users/alessandrobenvenuti/Desktop/Università/Thesis/CaravelMetrics/CaravelMetrics/Atlas_Registration.py", line 105, in process_registration
    atlas_registration(atlas_path, mni_template, image_path, image_t1_path, output_dir)
    ~~~~~~~~~~~~~~~~~~^^^^^^^^^^^^^^^^^^^^^^^^^^^^^^^^^^^^^^^^^^^^^^^^^^^^^^^^^^^^^^^^^
  File "/Users/alessandrobenvenuti/Desktop/Università/Thesis/CaravelMetrics/CaravelMetrics/Atlas_Registration.py", line 51, in atlas_registration
    flirt_t1_mra.inputs.omat = t1_to_mra_mat
    ^^^^^^^^^^^^^^^^^^^^^^^^
traits.trait_errors.TraitError: Cannot set the undefined 'omat' attribute of a 'FLIRTInputSpec' object.

2026-07-07 16:23:33,944 - SpawnPoolWorker-1 - ERROR - Failed to process IXI015-HH-1258-MRA.nii.gz: Cannot set the undefined 'omat' attribute of a 'FLIRTInputSpec' object.
2026-07-07 16:23:33,945 - SpawnPoolWorker-1 - ERROR - Traceback (most recent call last):
  File "/Users/alessandrobenvenuti/Desktop/Università/Thesis/CaravelMetrics/CaravelMetrics/CaravelMetrics.py", line 149, in process_single_file
    process_registration(image_path, t1_image_path, mask_path, atlas_path, output_folder)
    ~~~~~~~~~~~~~~~~~~~~^^^^^^^^^^^^^^^^^^^^^^^^^^^^^^^^^^^^^^^^^^^^^^^^^^^^^^^^^^^^^^^^^
  File "/Users/alessandrobenvenuti/Desktop/Università/Thesis/CaravelMetrics/CaravelMetrics/Atlas_Registration.py", line 105, in process_registration
    atlas_registration(atlas_path, mni_template, image_path, image_t1_path, output_dir)
    ~~~~~~~~~~~~~~~~~~^^^^^^^^^^^^^^^^^^^^^^^^^^^^^^^^^^^^^^^^^^^^^^^^^^^^^^^^^^^^^^^^^
  File "/Users/alessandrobenvenuti/Desktop/Università/Thesis/CaravelMetrics/CaravelMetrics/Atlas_Registration.py", line 51, in atlas_registration
    flirt_t1_mra.inputs.omat = t1_to_mra_mat
    ^^^^^^^^^^^^^^^^^^^^^^^^
traits.trait_errors.TraitError: Cannot set the undefined 'omat' attribute of a 'FLIRTInputSpec' object.

2026-07-07 16:23:34,206 - SpawnPoolWorker-2 - ERROR - Failed to process IXI002-Guys-0828-MRA.nii.gz: Cannot set the undefined 'omat' attribute of a 'FLIRTInputSpec' object.
2026-07-07 16:23:34,207 - SpawnPoolWorker-2 - ERROR - Traceback (most recent call last):
  File "/Users/alessandrobenvenuti/Desktop/Università/Thesis/CaravelMetrics/CaravelMetrics/CaravelMetrics.py", line 149, in process_single_file
    process_registration(image_path, t1_image_path, mask_path, atlas_path, output_folder)
    ~~~~~~~~~~~~~~~~~~~~^^^^^^^^^^^^^^^^^^^^^^^^^^^^^^^^^^^^^^^^^^^^^^^^^^^^^^^^^^^^^^^^^
  File "/Users/alessandrobenvenuti/Desktop/Università/Thesis/CaravelMetrics/CaravelMetrics/Atlas_Registration.py", line 105, in process_registration
    atlas_registration(atlas_path, mni_template, image_path, image_t1_path, output_dir)
    ~~~~~~~~~~~~~~~~~~^^^^^^^^^^^^^^^^^^^^^^^^^^^^^^^^^^^^^^^^^^^^^^^^^^^^^^^^^^^^^^^^^
  File "/Users/alessandrobenvenuti/Desktop/Università/Thesis/CaravelMetrics/CaravelMetrics/Atlas_Registration.py", line 51, in atlas_registration
    flirt_t1_mra.inputs.omat = t1_to_mra_mat
    ^^^^^^^^^^^^^^^^^^^^^^^^
traits.trait_errors.TraitError: Cannot set the undefined 'omat' attribute of a 'FLIRTInputSpec' object.

2026-07-07 16:23:34,217 - MainProcess - INFO - 
============================================================
2026-07-07 16:23:34,217 - MainProcess - INFO - PROCESSING SUMMARY:
2026-07-07 16:23:34,217 - MainProcess - INFO - ============================================================
2026-07-07 16:23:34,217 - MainProcess - INFO - Successfully completed: 0/3
2026-07-07 16:23:34,217 - MainProcess - INFO - Failed: 3/3
2026-07-07 16:23:34,217 - MainProcess - ERROR - 
Failed files:
2026-07-07 16:23:34,217 - MainProcess - ERROR -   - IXI002-Guys-0828-MRA.nii.gz: Cannot set the undefined 'omat' attribute of a 'FLIRTInputSpec' object.
2026-07-07 16:23:34,217 - MainProcess - ERROR -   - IXI015-HH-1258-MRA.nii.gz: Cannot set the undefined 'omat' attribute of a 'FLIRTInputSpec' object.
2026-07-07 16:23:34,217 - MainProcess - ERROR -   - IXI023-Guys-0699-MRA.nii.gz: Cannot set the undefined 'omat' attribute of a 'FLIRTInputSpec' object.
2026-07-07 16:23:34,217 - MainProcess - ERROR - 
Check processing.log for detailed error information
2026-07-07 16:23:34,217 - MainProcess - INFO - 
All results saved in: /Users/alessandrobenvenuti/Desktop/Università/Thesis/CaravelMetrics/CaravelMetrics/Results
2026-07-07 16:23:34,217 - MainProcess - INFO - Log file: processing.log
2026-07-07 16:25:34,383 - MainProcess - INFO - Found 3 files to process
2026-07-07 16:25:34,383 - MainProcess - INFO - Configuration: use_atlas=True, skip_existing=False, run_parallel=True, num_workers=None, chunk_size=1
2026-07-07 16:25:34,383 - MainProcess - INFO - Using 3 parallel workers (total CPUs: 8)
2026-07-07 16:25:34,383 - MainProcess - INFO - Chunk size: 1
2026-07-07 16:25:36,561 - SpawnPoolWorker-1 - INFO - ============================================================
2026-07-07 16:25:36,561 - SpawnPoolWorker-1 - INFO - Processing file: IXI002-Guys-0828-MRA.nii.gz (OUTPUT: Results/IXI002-Guys-0828-MRA)
2026-07-07 16:25:36,561 - SpawnPoolWorker-1 - INFO - ============================================================
2026-07-07 16:25:36,561 - SpawnPoolWorker-1 - INFO -   Starting ATLAS REGISTRATION for: IXI002-Guys-0828-MRA.nii.gz
2026-07-07 16:25:36,618 - SpawnPoolWorker-2 - INFO - ============================================================
2026-07-07 16:25:36,620 - SpawnPoolWorker-2 - INFO - Processing file: IXI015-HH-1258-MRA.nii.gz (OUTPUT: Results/IXI015-HH-1258-MRA)
2026-07-07 16:25:36,621 - SpawnPoolWorker-2 - INFO - ============================================================
2026-07-07 16:25:36,621 - SpawnPoolWorker-2 - INFO -   Starting ATLAS REGISTRATION for: IXI015-HH-1258-MRA.nii.gz
2026-07-07 16:25:36,627 - SpawnPoolWorker-3 - INFO - ============================================================
2026-07-07 16:25:36,627 - SpawnPoolWorker-3 - INFO - Processing file: IXI023-Guys-0699-MRA.nii.gz (OUTPUT: Results/IXI023-Guys-0699-MRA)
2026-07-07 16:25:36,627 - SpawnPoolWorker-3 - INFO - ============================================================
2026-07-07 16:25:36,627 - SpawnPoolWorker-3 - INFO -   Starting ATLAS REGISTRATION for: IXI023-Guys-0699-MRA.nii.gz
2026-07-07 16:27:11,626 - SpawnPoolWorker-3 - ERROR - Failed to process IXI023-Guys-0699-MRA.nii.gz: Cannot set the undefined 'init_xfm' attribute of a 'ApplyXFMInputSpec' object.
2026-07-07 16:27:11,627 - SpawnPoolWorker-3 - ERROR - Traceback (most recent call last):
  File "/Users/alessandrobenvenuti/Desktop/Università/Thesis/CaravelMetrics/CaravelMetrics/CaravelMetrics.py", line 149, in process_single_file
    process_registration(image_path, t1_image_path, mask_path, atlas_path, output_folder)
    ~~~~~~~~~~~~~~~~~~~~^^^^^^^^^^^^^^^^^^^^^^^^^^^^^^^^^^^^^^^^^^^^^^^^^^^^^^^^^^^^^^^^^
  File "/Users/alessandrobenvenuti/Desktop/Università/Thesis/CaravelMetrics/CaravelMetrics/Atlas_Registration.py", line 86, in process_registration
    atlas_registration(atlas_path, mni_template, image_path, image_t1_path, output_dir)
    ~~~~~~~~~~~~~~~~~~^^^^^^^^^^^^^^^^^^^^^^^^^^^^^^^^^^^^^^^^^^^^^^^^^^^^^^^^^^^^^^^^^
  File "/Users/alessandrobenvenuti/Desktop/Università/Thesis/CaravelMetrics/CaravelMetrics/Atlas_Registration.py", line 71, in atlas_registration
    apply_xfm.inputs.init_xfm = combined_mat
    ^^^^^^^^^^^^^^^^^^^^^^^^^
traits.trait_errors.TraitError: Cannot set the undefined 'init_xfm' attribute of a 'ApplyXFMInputSpec' object.

2026-07-07 16:27:22,101 - SpawnPoolWorker-2 - INFO - stderr 2026-07-07T16:27:22.101143:Error: short write, output file will be truncated
2026-07-07 16:27:22,221 - SpawnPoolWorker-2 - INFO - stderr 2026-07-07T16:27:22.221513:OMP: Warning #179: Function Can't set size of /tmp file failed:
2026-07-07 16:27:22,485 - SpawnPoolWorker-1 - INFO - stderr 2026-07-07T16:27:22.485457:Could not open file Results/IXI002-Guys-0828-MRA/t1_to_mra.mat for writing
2026-07-07 16:27:23,544 - SpawnPoolWorker-1 - INFO - stderr 2026-07-07T16:27:23.544719:Error: cant open file IXI002-Guys-0828-T1_brain_flirt.nii.gz
2026-07-07 16:27:23,626 - SpawnPoolWorker-1 - ERROR - Failed to process IXI002-Guys-0828-MRA.nii.gz: No such file or directory '/Users/alessandrobenvenuti/Desktop/Università/Thesis/CaravelMetrics/CaravelMetrics/Results/IXI002-Guys-0828-MRA/t1_to_mra.mat' for output 'out_matrix_file' of a FLIRT interface
2026-07-07 16:27:23,627 - SpawnPoolWorker-1 - ERROR - Traceback (most recent call last):
  File "/Library/Frameworks/Python.framework/Versions/3.13/lib/python3.13/site-packages/nipype/interfaces/base/core.py", line 455, in aggregate_outputs
    setattr(outputs, key, val)
    ~~~~~~~^^^^^^^^^^^^^^^^^^^
  File "/Library/Frameworks/Python.framework/Versions/3.13/lib/python3.13/site-packages/nipype/interfaces/base/traits_extension.py", line 326, in validate
    value = super().validate(objekt, name, value, return_pathlike=True)
  File "/Library/Frameworks/Python.framework/Versions/3.13/lib/python3.13/site-packages/nipype/interfaces/base/traits_extension.py", line 136, in validate
    self.error(objekt, name, str(value))
    ~~~~~~~~~~^^^^^^^^^^^^^^^^^^^^^^^^^^
  File "/Library/Frameworks/Python.framework/Versions/3.13/lib/python3.13/site-packages/traits/base_trait_handler.py", line 74, in error
    raise TraitError(
        object, name, self.full_info(object, name, value), value
    )
traits.trait_errors.TraitError: The 'out_matrix_file' trait of a FLIRTOutputSpec instance must be a pathlike object or string representing an existing file, but a value of '/Users/alessandrobenvenuti/Desktop/Università/Thesis/CaravelMetrics/CaravelMetrics/Results/IXI002-Guys-0828-MRA/t1_to_mra.mat' <class 'str'> was specified.

During handling of the above exception, another exception occurred:

Traceback (most recent call last):
  File "/Users/alessandrobenvenuti/Desktop/Università/Thesis/CaravelMetrics/CaravelMetrics/CaravelMetrics.py", line 149, in process_single_file
    process_registration(image_path, t1_image_path, mask_path, atlas_path, output_folder)
    ~~~~~~~~~~~~~~~~~~~~^^^^^^^^^^^^^^^^^^^^^^^^^^^^^^^^^^^^^^^^^^^^^^^^^^^^^^^^^^^^^^^^^
  File "/Users/alessandrobenvenuti/Desktop/Università/Thesis/CaravelMetrics/CaravelMetrics/Atlas_Registration.py", line 86, in process_registration
    atlas_registration(atlas_path, mni_template, image_path, image_t1_path, output_dir)
    ~~~~~~~~~~~~~~~~~~^^^^^^^^^^^^^^^^^^^^^^^^^^^^^^^^^^^^^^^^^^^^^^^^^^^^^^^^^^^^^^^^^
  File "/Users/alessandrobenvenuti/Desktop/Università/Thesis/CaravelMetrics/CaravelMetrics/Atlas_Registration.py", line 46, in atlas_registration
    flirt_t1_mra.run()
    ~~~~~~~~~~~~~~~~^^
  File "/Library/Frameworks/Python.framework/Versions/3.13/lib/python3.13/site-packages/nipype/interfaces/base/core.py", line 405, in run
    outputs = self.aggregate_outputs(runtime)
  File "/Library/Frameworks/Python.framework/Versions/3.13/lib/python3.13/site-packages/nipype/interfaces/fsl/preprocess.py", line 743, in aggregate_outputs
    outputs = super().aggregate_outputs(
        runtime=runtime, needed_outputs=needed_outputs
    )
  File "/Library/Frameworks/Python.framework/Versions/3.13/lib/python3.13/site-packages/nipype/interfaces/base/core.py", line 462, in aggregate_outputs
    raise FileNotFoundError(msg)
FileNotFoundError: No such file or directory '/Users/alessandrobenvenuti/Desktop/Università/Thesis/CaravelMetrics/CaravelMetrics/Results/IXI002-Guys-0828-MRA/t1_to_mra.mat' for output 'out_matrix_file' of a FLIRT interface

2026-07-07 16:27:46,968 - SpawnPoolWorker-2 - INFO - stderr 2026-07-07T16:27:46.968741:Could not open file Results/IXI015-HH-1258-MRA/mni_to_t1.mat for writing
2026-07-07 16:27:47,545 - SpawnPoolWorker-2 - INFO - stderr 2026-07-07T16:27:47.545187:Error: cant open file MNI152_T1_1mm_brain_flirt.nii.gz
2026-07-07 16:27:47,608 - SpawnPoolWorker-2 - ERROR - Failed to process IXI015-HH-1258-MRA.nii.gz: No such file or directory '/Users/alessandrobenvenuti/Desktop/Università/Thesis/CaravelMetrics/CaravelMetrics/Results/IXI015-HH-1258-MRA/mni_to_t1.mat' for output 'out_matrix_file' of a FLIRT interface
2026-07-07 16:27:47,656 - MainProcess - INFO - 
============================================================
2026-07-07 16:27:47,656 - MainProcess - INFO - PROCESSING SUMMARY:
2026-07-07 16:27:47,661 - MainProcess - INFO - ============================================================
2026-07-07 16:27:47,661 - MainProcess - INFO - Successfully completed: 0/3
2026-07-07 16:27:47,661 - MainProcess - INFO - Failed: 3/3
2026-07-07 16:27:47,661 - MainProcess - ERROR - 
Failed files:
2026-07-07 16:27:47,661 - MainProcess - ERROR -   - IXI002-Guys-0828-MRA.nii.gz: No such file or directory '/Users/alessandrobenvenuti/Desktop/Università/Thesis/CaravelMetrics/CaravelMetrics/Results/IXI002-Guys-0828-MRA/t1_to_mra.mat' for output 'out_matrix_file' of a FLIRT interface
2026-07-07 16:27:47,661 - MainProcess - ERROR -   - IXI015-HH-1258-MRA.nii.gz: No such file or directory '/Users/alessandrobenvenuti/Desktop/Università/Thesis/CaravelMetrics/CaravelMetrics/Results/IXI015-HH-1258-MRA/mni_to_t1.mat' for output 'out_matrix_file' of a FLIRT interface
2026-07-07 16:27:47,661 - MainProcess - ERROR -   - IXI023-Guys-0699-MRA.nii.gz: Cannot set the undefined 'init_xfm' attribute of a 'ApplyXFMInputSpec' object.
2026-07-07 16:27:47,664 - MainProcess - ERROR - 
Check processing.log for detailed error information
2026-07-07 16:27:47,664 - MainProcess - INFO - 
All results saved in: /Users/alessandrobenvenuti/Desktop/Università/Thesis/CaravelMetrics/CaravelMetrics/Results
2026-07-07 16:27:47,668 - MainProcess - INFO - Log file: processing.log
2026-07-07 16:30:40,242 - MainProcess - INFO - Found 3 files to process
2026-07-07 16:30:40,242 - MainProcess - INFO - Configuration: use_atlas=True, skip_existing=False, run_parallel=True, num_workers=None, chunk_size=1
2026-07-07 16:30:40,242 - MainProcess - INFO - Using 3 parallel workers (total CPUs: 8)
2026-07-07 16:30:40,242 - MainProcess - INFO - Chunk size: 1
2026-07-07 16:30:42,426 - SpawnPoolWorker-2 - INFO - ============================================================
2026-07-07 16:30:42,427 - SpawnPoolWorker-2 - INFO - Processing file: IXI002-Guys-0828-MRA.nii.gz (OUTPUT: Results/IXI002-Guys-0828-MRA)
2026-07-07 16:30:42,427 - SpawnPoolWorker-2 - INFO - ============================================================
2026-07-07 16:30:42,427 - SpawnPoolWorker-2 - INFO -   Starting ATLAS REGISTRATION for: IXI002-Guys-0828-MRA.nii.gz
2026-07-07 16:30:42,427 - SpawnPoolWorker-1 - INFO - ============================================================
2026-07-07 16:30:42,428 - SpawnPoolWorker-1 - INFO - Processing file: IXI015-HH-1258-MRA.nii.gz (OUTPUT: Results/IXI015-HH-1258-MRA)
2026-07-07 16:30:42,428 - SpawnPoolWorker-1 - INFO - ============================================================
2026-07-07 16:30:42,428 - SpawnPoolWorker-1 - INFO -   Starting ATLAS REGISTRATION for: IXI015-HH-1258-MRA.nii.gz
2026-07-07 16:30:42,681 - SpawnPoolWorker-3 - INFO - ============================================================
2026-07-07 16:30:42,681 - SpawnPoolWorker-3 - INFO - Processing file: IXI023-Guys-0699-MRA.nii.gz (OUTPUT: Results/IXI023-Guys-0699-MRA)
2026-07-07 16:30:42,681 - SpawnPoolWorker-3 - INFO - ============================================================
2026-07-07 16:30:42,681 - SpawnPoolWorker-3 - INFO -   Starting ATLAS REGISTRATION for: IXI023-Guys-0699-MRA.nii.gz
2026-07-07 16:32:17,154 - SpawnPoolWorker-3 - INFO -   REGISTERED ATLAS saved at: Results/IXI023-Guys-0699-MRA/IXI023-Guys-0699-T1_registered_atlas.nii.gz
2026-07-07 16:32:17,157 - SpawnPoolWorker-3 - INFO -   Starting VESSEL GRAPH EXTRACTION for: IXI023-Guys-0699-MRA.nii.gz
2026-07-07 16:33:00,045 - SpawnPoolWorker-2 - INFO -   REGISTERED ATLAS saved at: Results/IXI002-Guys-0828-MRA/IXI002-Guys-0828-T1_registered_atlas.nii.gz
2026-07-07 16:33:00,045 - SpawnPoolWorker-2 - INFO -   Starting VESSEL GRAPH EXTRACTION for: IXI002-Guys-0828-MRA.nii.gz
2026-07-07 16:33:00,045 - SpawnPoolWorker-2 - INFO -   Vessel graph extracted and saved in: Results/IXI002-Guys-0828-MRA
2026-07-07 16:33:00,045 - SpawnPoolWorker-2 - INFO -   Starting METRICS COMPUTATION for: IXI002-Guys-0828-MRA.nii.gz
2026-07-07 16:33:00,174 - SpawnPoolWorker-1 - INFO -   REGISTERED ATLAS saved at: Results/IXI015-HH-1258-MRA/IXI015-HH-1258-T1_registered_atlas.nii.gz
2026-07-07 16:33:00,174 - SpawnPoolWorker-1 - INFO -   Starting VESSEL GRAPH EXTRACTION for: IXI015-HH-1258-MRA.nii.gz
2026-07-07 16:33:00,466 - SpawnPoolWorker-2 - INFO -   Metrics computed and saved in: Results/IXI002-Guys-0828-MRA
2026-07-07 16:33:00,466 - SpawnPoolWorker-2 - INFO - Successfully completed processing: IXI002-Guys-0828-MRA.nii.gz
2026-07-07 16:34:22,746 - SpawnPoolWorker-3 - INFO -   Vessel graph extracted and saved in: Results/IXI023-Guys-0699-MRA
2026-07-07 16:34:22,747 - SpawnPoolWorker-3 - INFO -   Starting METRICS COMPUTATION for: IXI023-Guys-0699-MRA.nii.gz
2026-07-07 16:34:24,905 - SpawnPoolWorker-3 - INFO -   Metrics computed and saved in: Results/IXI023-Guys-0699-MRA
2026-07-07 16:34:24,905 - SpawnPoolWorker-3 - INFO - Successfully completed processing: IXI023-Guys-0699-MRA.nii.gz
2026-07-07 16:35:08,933 - SpawnPoolWorker-1 - INFO -   Vessel graph extracted and saved in: Results/IXI015-HH-1258-MRA
2026-07-07 16:35:08,934 - SpawnPoolWorker-1 - INFO -   Starting METRICS COMPUTATION for: IXI015-HH-1258-MRA.nii.gz
2026-07-07 16:35:12,292 - SpawnPoolWorker-1 - INFO -   Metrics computed and saved in: Results/IXI015-HH-1258-MRA
2026-07-07 16:35:12,292 - SpawnPoolWorker-1 - INFO - Successfully completed processing: IXI015-HH-1258-MRA.nii.gz
2026-07-07 16:35:12,317 - MainProcess - INFO - 
============================================================
2026-07-07 16:35:12,317 - MainProcess - INFO - PROCESSING SUMMARY:
2026-07-07 16:35:12,318 - MainProcess - INFO - ============================================================
2026-07-07 16:35:12,318 - MainProcess - INFO - Successfully completed: 3/3
2026-07-07 16:35:12,318 - MainProcess - INFO - Failed: 0/3
2026-07-07 16:35:12,318 - MainProcess - INFO - Success rate: 100.0%
2026-07-07 16:35:12,318 - MainProcess - INFO - 
All results saved in: /Users/alessandrobenvenuti/Desktop/Università/Thesis/CaravelMetrics/CaravelMetrics/Results
2026-07-07 16:35:12,318 - MainProcess - INFO - Log file: processing.log
2026-07-07 16:41:24,631 - MainProcess - INFO - Found 3 files to process
2026-07-07 16:41:24,631 - MainProcess - INFO - Configuration: use_atlas=True, skip_existing=False, run_parallel=True, num_workers=None, chunk_size=1
2026-07-07 16:41:24,631 - MainProcess - INFO - Using 3 parallel workers (total CPUs: 8)
2026-07-07 16:41:24,631 - MainProcess - INFO - Chunk size: 1
2026-07-07 16:41:26,776 - SpawnPoolWorker-3 - INFO - ============================================================
2026-07-07 16:41:26,776 - SpawnPoolWorker-3 - INFO - Processing file: IXI002-Guys-0828-MRA.nii.gz (OUTPUT: Results/IXI002-Guys-0828-MRA)
2026-07-07 16:41:26,776 - SpawnPoolWorker-3 - INFO - ============================================================
2026-07-07 16:41:26,776 - SpawnPoolWorker-3 - INFO -   Starting ATLAS REGISTRATION for: IXI002-Guys-0828-MRA.nii.gz
2026-07-07 16:41:26,776 - SpawnPoolWorker-1 - INFO - ============================================================
2026-07-07 16:41:26,776 - SpawnPoolWorker-1 - INFO - Processing file: IXI015-HH-1258-MRA.nii.gz (OUTPUT: Results/IXI015-HH-1258-MRA)
2026-07-07 16:41:26,776 - SpawnPoolWorker-1 - INFO - ============================================================
2026-07-07 16:41:26,776 - SpawnPoolWorker-1 - INFO -   Starting ATLAS REGISTRATION for: IXI015-HH-1258-MRA.nii.gz
2026-07-07 16:41:26,907 - SpawnPoolWorker-2 - INFO - ============================================================
2026-07-07 16:41:26,907 - SpawnPoolWorker-2 - INFO - Processing file: IXI023-Guys-0699-MRA.nii.gz (OUTPUT: Results/IXI023-Guys-0699-MRA)
2026-07-07 16:41:26,907 - SpawnPoolWorker-2 - INFO - ============================================================
2026-07-07 16:41:26,907 - SpawnPoolWorker-2 - INFO -   Starting ATLAS REGISTRATION for: IXI023-Guys-0699-MRA.nii.gz
2026-07-07 16:42:54,417 - SpawnPoolWorker-2 - INFO -   REGISTERED ATLAS saved at: Results/IXI023-Guys-0699-MRA/IXI023-Guys-0699-T1_registered_atlas.nii.gz
2026-07-07 16:42:54,418 - SpawnPoolWorker-2 - INFO -   Starting VESSEL GRAPH EXTRACTION for: IXI023-Guys-0699-MRA.nii.gz
2026-07-07 16:42:54,418 - SpawnPoolWorker-2 - INFO -   Vessel graph extracted and saved in: Results/IXI023-Guys-0699-MRA
2026-07-07 16:42:54,418 - SpawnPoolWorker-2 - INFO -   Starting METRICS COMPUTATION for: IXI023-Guys-0699-MRA.nii.gz
2026-07-07 16:42:57,043 - SpawnPoolWorker-2 - INFO -   Metrics computed and saved in: Results/IXI023-Guys-0699-MRA
2026-07-07 16:42:57,043 - SpawnPoolWorker-2 - INFO - Successfully completed processing: IXI023-Guys-0699-MRA.nii.gz
2026-07-07 16:43:26,888 - SpawnPoolWorker-3 - INFO -   REGISTERED ATLAS saved at: Results/IXI002-Guys-0828-MRA/IXI002-Guys-0828-T1_registered_atlas.nii.gz
2026-07-07 16:43:26,889 - SpawnPoolWorker-3 - INFO -   Starting VESSEL GRAPH EXTRACTION for: IXI002-Guys-0828-MRA.nii.gz
2026-07-07 16:43:26,889 - SpawnPoolWorker-3 - INFO -   Vessel graph extracted and saved in: Results/IXI002-Guys-0828-MRA
2026-07-07 16:43:26,889 - SpawnPoolWorker-3 - INFO -   Starting METRICS COMPUTATION for: IXI002-Guys-0828-MRA.nii.gz
2026-07-07 16:43:27,105 - SpawnPoolWorker-3 - INFO -   Metrics computed and saved in: Results/IXI002-Guys-0828-MRA
2026-07-07 16:43:27,105 - SpawnPoolWorker-3 - INFO - Successfully completed processing: IXI002-Guys-0828-MRA.nii.gz
2026-07-07 16:43:49,091 - SpawnPoolWorker-1 - INFO -   REGISTERED ATLAS saved at: Results/IXI015-HH-1258-MRA/IXI015-HH-1258-T1_registered_atlas.nii.gz
2026-07-07 16:43:49,091 - SpawnPoolWorker-1 - INFO -   Starting VESSEL GRAPH EXTRACTION for: IXI015-HH-1258-MRA.nii.gz
2026-07-07 16:43:49,091 - SpawnPoolWorker-1 - INFO -   Vessel graph extracted and saved in: Results/IXI015-HH-1258-MRA
2026-07-07 16:43:49,092 - SpawnPoolWorker-1 - INFO -   Starting METRICS COMPUTATION for: IXI015-HH-1258-MRA.nii.gz
2026-07-07 16:43:51,378 - SpawnPoolWorker-1 - INFO -   Metrics computed and saved in: Results/IXI015-HH-1258-MRA
2026-07-07 16:43:51,378 - SpawnPoolWorker-1 - INFO - Successfully completed processing: IXI015-HH-1258-MRA.nii.gz
2026-07-07 16:43:51,404 - MainProcess - INFO - 
============================================================
2026-07-07 16:43:51,405 - MainProcess - INFO - PROCESSING SUMMARY:
2026-07-07 16:43:51,405 - MainProcess - INFO - ============================================================
2026-07-07 16:43:51,405 - MainProcess - INFO - Successfully completed: 3/3
2026-07-07 16:43:51,405 - MainProcess - INFO - Failed: 0/3
2026-07-07 16:43:51,405 - MainProcess - INFO - Success rate: 100.0%
2026-07-07 16:43:51,405 - MainProcess - INFO - 
All results saved in: /Users/alessandrobenvenuti/Desktop/Università/Thesis/CaravelMetrics/CaravelMetrics/Results
2026-07-07 16:43:51,405 - MainProcess - INFO - Log file: processing.log
2026-07-08 10:54:09,484 - MainProcess - INFO - Found 3 files to process
2026-07-08 10:54:09,485 - MainProcess - INFO - Configuration: use_atlas=True, skip_existing=False, run_parallel=True, num_workers=None, chunk_size=1
2026-07-08 10:54:09,485 - MainProcess - INFO - Using 3 parallel workers (total CPUs: 8)
2026-07-08 10:54:09,485 - MainProcess - INFO - Chunk size: 1
2026-07-08 10:54:11,916 - SpawnPoolWorker-3 - INFO - ============================================================
2026-07-08 10:54:11,916 - SpawnPoolWorker-2 - INFO - ============================================================
2026-07-08 10:54:11,916 - SpawnPoolWorker-2 - INFO - Processing file: IXI015-HH-1258-MRA.nii.gz (OUTPUT: Results/IXI015-HH-1258-MRA)
2026-07-08 10:54:11,916 - SpawnPoolWorker-1 - INFO - ============================================================
2026-07-08 10:54:11,916 - SpawnPoolWorker-3 - INFO - Processing file: IXI002-Guys-0828-MRA.nii.gz (OUTPUT: Results/IXI002-Guys-0828-MRA)
2026-07-08 10:54:11,916 - SpawnPoolWorker-2 - INFO - ============================================================
2026-07-08 10:54:11,916 - SpawnPoolWorker-3 - INFO - ============================================================
2026-07-08 10:54:11,916 - SpawnPoolWorker-1 - INFO - Processing file: IXI023-Guys-0699-MRA.nii.gz (OUTPUT: Results/IXI023-Guys-0699-MRA)
2026-07-08 10:54:11,916 - SpawnPoolWorker-1 - INFO - ============================================================
2026-07-08 10:54:11,916 - SpawnPoolWorker-2 - INFO -   Starting ATLAS REGISTRATION for: IXI015-HH-1258-MRA.nii.gz
2026-07-08 10:54:11,916 - SpawnPoolWorker-1 - INFO -   Starting ATLAS REGISTRATION for: IXI023-Guys-0699-MRA.nii.gz
2026-07-08 10:54:11,916 - SpawnPoolWorker-3 - INFO -   Starting ATLAS REGISTRATION for: IXI002-Guys-0828-MRA.nii.gz
2026-07-08 10:55:50,393 - SpawnPoolWorker-1 - INFO -   REGISTERED ATLAS saved at: Results/IXI023-Guys-0699-MRA/IXI023-Guys-0699-T1_registered_atlas.nii.gz
2026-07-08 10:55:50,394 - SpawnPoolWorker-1 - INFO -   Starting VESSEL GRAPH EXTRACTION for: IXI023-Guys-0699-MRA.nii.gz
2026-07-08 10:56:26,107 - SpawnPoolWorker-3 - INFO -   REGISTERED ATLAS saved at: Results/IXI002-Guys-0828-MRA/IXI002-Guys-0828-T1_registered_atlas.nii.gz
2026-07-08 10:56:26,107 - SpawnPoolWorker-3 - INFO -   Starting VESSEL GRAPH EXTRACTION for: IXI002-Guys-0828-MRA.nii.gz
2026-07-08 10:56:30,541 - SpawnPoolWorker-2 - INFO -   REGISTERED ATLAS saved at: Results/IXI015-HH-1258-MRA/IXI015-HH-1258-T1_registered_atlas.nii.gz
2026-07-08 10:56:30,541 - SpawnPoolWorker-2 - INFO -   Starting VESSEL GRAPH EXTRACTION for: IXI015-HH-1258-MRA.nii.gz
2026-07-08 10:58:00,962 - SpawnPoolWorker-1 - INFO -   Vessel graph extracted and saved in: Results/IXI023-Guys-0699-MRA
2026-07-08 10:58:00,963 - SpawnPoolWorker-1 - INFO -   Starting METRICS COMPUTATION for: IXI023-Guys-0699-MRA.nii.gz
2026-07-08 10:58:01,006 - SpawnPoolWorker-1 - ERROR - Failed to process IXI023-Guys-0699-MRA.nii.gz: Exception thrown in SimpleITK ImageFileReader_Execute: /tmp/SimpleITK/Code/IO/src/sitkImageReaderBase.cxx:91:
sitk::ERROR: The file "Results/IXI023-Guys-0699-MRA/IXI023-Guys-0699-T1_registered_atlas.nii.gz" does not exist.
2026-07-08 10:58:01,014 - SpawnPoolWorker-1 - ERROR - Traceback (most recent call last):
  File "/Users/alessandrobenvenuti/Desktop/Università/Thesis/CaravelMetrics/CaravelMetrics/CaravelMetrics.py", line 177, in process_single_file
    extract_metrics(
    ~~~~~~~~~~~~~~~^
        patient_name,
        ^^^^^^^^^^^^^
    ...<6 lines>...
        save_conn_comp_masks=None
        ^^^^^^^^^^^^^^^^^^^^^^^^^
    )
    ^
  File "/Users/alessandrobenvenuti/Desktop/Università/Thesis/CaravelMetrics/CaravelMetrics/Metric_extractor.py", line 657, in extract_metrics
    aligned_atlas = sitk.ReadImage(registered_atlas_path)
  File "/Library/Frameworks/Python.framework/Versions/3.13/lib/python3.13/site-packages/SimpleITK/extra.py", line 384, in ReadImage
    return reader.Execute()
           ~~~~~~~~~~~~~~^^
  File "/Library/Frameworks/Python.framework/Versions/3.13/lib/python3.13/site-packages/SimpleITK/SimpleITK.py", line 8502, in Execute
    return _SimpleITK.ImageFileReader_Execute(self)
           ~~~~~~~~~~~~~~~~~~~~~~~~~~~~~~~~~~^^^^^^
RuntimeError: Exception thrown in SimpleITK ImageFileReader_Execute: /tmp/SimpleITK/Code/IO/src/sitkImageReaderBase.cxx:91:
sitk::ERROR: The file "Results/IXI023-Guys-0699-MRA/IXI023-Guys-0699-T1_registered_atlas.nii.gz" does not exist.

2026-07-08 10:58:13,000 - SpawnPoolWorker-3 - INFO -   Vessel graph extracted and saved in: Results/IXI002-Guys-0828-MRA
2026-07-08 10:58:13,001 - SpawnPoolWorker-3 - INFO -   Starting METRICS COMPUTATION for: IXI002-Guys-0828-MRA.nii.gz
2026-07-08 10:58:13,004 - SpawnPoolWorker-3 - ERROR - Failed to process IXI002-Guys-0828-MRA.nii.gz: Exception thrown in SimpleITK ImageFileReader_Execute: /tmp/SimpleITK/Code/IO/src/sitkImageReaderBase.cxx:91:
sitk::ERROR: The file "Results/IXI002-Guys-0828-MRA/IXI002-Guys-0828-T1_registered_atlas.nii.gz" does not exist.
2026-07-08 10:58:13,012 - SpawnPoolWorker-3 - ERROR - Traceback (most recent call last):
  File "/Users/alessandrobenvenuti/Desktop/Università/Thesis/CaravelMetrics/CaravelMetrics/CaravelMetrics.py", line 177, in process_single_file
    extract_metrics(
    ~~~~~~~~~~~~~~~^
        patient_name,
        ^^^^^^^^^^^^^
    ...<6 lines>...
        save_conn_comp_masks=None
        ^^^^^^^^^^^^^^^^^^^^^^^^^
    )
    ^
  File "/Users/alessandrobenvenuti/Desktop/Università/Thesis/CaravelMetrics/CaravelMetrics/Metric_extractor.py", line 657, in extract_metrics
    aligned_atlas = sitk.ReadImage(registered_atlas_path)
  File "/Library/Frameworks/Python.framework/Versions/3.13/lib/python3.13/site-packages/SimpleITK/extra.py", line 384, in ReadImage
    return reader.Execute()
           ~~~~~~~~~~~~~~^^
  File "/Library/Frameworks/Python.framework/Versions/3.13/lib/python3.13/site-packages/SimpleITK/SimpleITK.py", line 8502, in Execute
    return _SimpleITK.ImageFileReader_Execute(self)
           ~~~~~~~~~~~~~~~~~~~~~~~~~~~~~~~~~~^^^^^^
RuntimeError: Exception thrown in SimpleITK ImageFileReader_Execute: /tmp/SimpleITK/Code/IO/src/sitkImageReaderBase.cxx:91:
sitk::ERROR: The file "Results/IXI002-Guys-0828-MRA/IXI002-Guys-0828-T1_registered_atlas.nii.gz" does not exist.

2026-07-08 10:58:46,883 - SpawnPoolWorker-2 - INFO -   Vessel graph extracted and saved in: Results/IXI015-HH-1258-MRA
2026-07-08 10:58:46,885 - SpawnPoolWorker-2 - INFO -   Starting METRICS COMPUTATION for: IXI015-HH-1258-MRA.nii.gz
2026-07-08 10:58:46,888 - SpawnPoolWorker-2 - ERROR - Failed to process IXI015-HH-1258-MRA.nii.gz: Exception thrown in SimpleITK ImageFileReader_Execute: /tmp/SimpleITK/Code/IO/src/sitkImageReaderBase.cxx:91:
sitk::ERROR: The file "Results/IXI015-HH-1258-MRA/IXI015-HH-1258-T1_registered_atlas.nii.gz" does not exist.
2026-07-08 10:58:46,895 - SpawnPoolWorker-2 - ERROR - Traceback (most recent call last):
  File "/Users/alessandrobenvenuti/Desktop/Università/Thesis/CaravelMetrics/CaravelMetrics/CaravelMetrics.py", line 177, in process_single_file
    extract_metrics(
    ~~~~~~~~~~~~~~~^
        patient_name,
        ^^^^^^^^^^^^^
    ...<6 lines>...
        save_conn_comp_masks=None
        ^^^^^^^^^^^^^^^^^^^^^^^^^
    )
    ^
  File "/Users/alessandrobenvenuti/Desktop/Università/Thesis/CaravelMetrics/CaravelMetrics/Metric_extractor.py", line 657, in extract_metrics
    aligned_atlas = sitk.ReadImage(registered_atlas_path)
  File "/Library/Frameworks/Python.framework/Versions/3.13/lib/python3.13/site-packages/SimpleITK/extra.py", line 384, in ReadImage
    return reader.Execute()
           ~~~~~~~~~~~~~~^^
  File "/Library/Frameworks/Python.framework/Versions/3.13/lib/python3.13/site-packages/SimpleITK/SimpleITK.py", line 8502, in Execute
    return _SimpleITK.ImageFileReader_Execute(self)
           ~~~~~~~~~~~~~~~~~~~~~~~~~~~~~~~~~~^^^^^^
RuntimeError: Exception thrown in SimpleITK ImageFileReader_Execute: /tmp/SimpleITK/Code/IO/src/sitkImageReaderBase.cxx:91:
sitk::ERROR: The file "Results/IXI015-HH-1258-MRA/IXI015-HH-1258-T1_registered_atlas.nii.gz" does not exist.

2026-07-08 10:58:46,926 - MainProcess - INFO - 
============================================================
2026-07-08 10:58:46,927 - MainProcess - INFO - PROCESSING SUMMARY:
2026-07-08 10:58:46,927 - MainProcess - INFO - ============================================================
2026-07-08 10:58:46,927 - MainProcess - INFO - Successfully completed: 0/3
2026-07-08 10:58:46,927 - MainProcess - INFO - Failed: 3/3
2026-07-08 10:58:46,927 - MainProcess - ERROR - 
Failed files:
2026-07-08 10:58:46,927 - MainProcess - ERROR -   - IXI002-Guys-0828-MRA.nii.gz: Exception thrown in SimpleITK ImageFileReader_Execute: /tmp/SimpleITK/Code/IO/src/sitkImageReaderBase.cxx:91:
sitk::ERROR: The file "Results/IXI002-Guys-0828-MRA/IXI002-Guys-0828-T1_registered_atlas.nii.gz" does not exist.
2026-07-08 10:58:46,927 - MainProcess - ERROR -   - IXI015-HH-1258-MRA.nii.gz: Exception thrown in SimpleITK ImageFileReader_Execute: /tmp/SimpleITK/Code/IO/src/sitkImageReaderBase.cxx:91:
sitk::ERROR: The file "Results/IXI015-HH-1258-MRA/IXI015-HH-1258-T1_registered_atlas.nii.gz" does not exist.
2026-07-08 10:58:46,927 - MainProcess - ERROR -   - IXI023-Guys-0699-MRA.nii.gz: Exception thrown in SimpleITK ImageFileReader_Execute: /tmp/SimpleITK/Code/IO/src/sitkImageReaderBase.cxx:91:
sitk::ERROR: The file "Results/IXI023-Guys-0699-MRA/IXI023-Guys-0699-T1_registered_atlas.nii.gz" does not exist.
2026-07-08 10:58:46,927 - MainProcess - ERROR - 
Check processing.log for detailed error information
2026-07-08 10:58:46,927 - MainProcess - INFO - 
All results saved in: /Users/alessandrobenvenuti/Desktop/Università/Thesis/CaravelMetrics/CaravelMetrics/Results
2026-07-08 10:58:46,927 - MainProcess - INFO - Log file: processing.log
2026-07-08 11:01:35,314 - MainProcess - INFO - Found 3 files to process
2026-07-08 11:01:35,314 - MainProcess - INFO - Configuration: use_atlas=True, skip_existing=False, run_parallel=True, num_workers=None, chunk_size=1
2026-07-08 11:01:35,314 - MainProcess - INFO - Using 3 parallel workers (total CPUs: 8)
2026-07-08 11:01:35,314 - MainProcess - INFO - Chunk size: 1
2026-07-08 11:01:37,337 - SpawnPoolWorker-2 - INFO - ============================================================
2026-07-08 11:01:37,337 - SpawnPoolWorker-2 - INFO - Processing file: IXI002-Guys-0828-MRA.nii.gz (OUTPUT: Results/IXI002-Guys-0828-MRA)
2026-07-08 11:01:37,337 - SpawnPoolWorker-2 - INFO - ============================================================
2026-07-08 11:01:37,337 - SpawnPoolWorker-2 - INFO -   Starting ATLAS REGISTRATION for: IXI002-Guys-0828-MRA.nii.gz
2026-07-08 11:01:37,435 - SpawnPoolWorker-1 - INFO - ============================================================
2026-07-08 11:01:37,435 - SpawnPoolWorker-1 - INFO - Processing file: IXI015-HH-1258-MRA.nii.gz (OUTPUT: Results/IXI015-HH-1258-MRA)
2026-07-08 11:01:37,435 - SpawnPoolWorker-1 - INFO - ============================================================
2026-07-08 11:01:37,436 - SpawnPoolWorker-1 - INFO -   Starting ATLAS REGISTRATION for: IXI015-HH-1258-MRA.nii.gz
2026-07-08 11:01:37,546 - SpawnPoolWorker-3 - INFO - ============================================================
2026-07-08 11:01:37,546 - SpawnPoolWorker-3 - INFO - Processing file: IXI023-Guys-0699-MRA.nii.gz (OUTPUT: Results/IXI023-Guys-0699-MRA)
2026-07-08 11:01:37,546 - SpawnPoolWorker-3 - INFO - ============================================================
2026-07-08 11:01:37,546 - SpawnPoolWorker-3 - INFO -   Starting ATLAS REGISTRATION for: IXI023-Guys-0699-MRA.nii.gz
2026-07-08 11:03:09,076 - SpawnPoolWorker-3 - INFO -   REGISTERED ATLAS saved at: Results/IXI023-Guys-0699-MRA/IXI023-Guys-0699-T1_registered_atlas.nii.gz
2026-07-08 11:03:09,076 - SpawnPoolWorker-3 - INFO -   Starting VESSEL GRAPH EXTRACTION for: IXI023-Guys-0699-MRA.nii.gz
2026-07-08 11:03:47,893 - SpawnPoolWorker-2 - INFO -   REGISTERED ATLAS saved at: Results/IXI002-Guys-0828-MRA/IXI002-Guys-0828-T1_registered_atlas.nii.gz
2026-07-08 11:03:47,894 - SpawnPoolWorker-2 - INFO -   Starting VESSEL GRAPH EXTRACTION for: IXI002-Guys-0828-MRA.nii.gz
2026-07-08 11:03:51,858 - SpawnPoolWorker-1 - INFO -   REGISTERED ATLAS saved at: Results/IXI015-HH-1258-MRA/IXI015-HH-1258-T1_registered_atlas.nii.gz
2026-07-08 11:03:51,858 - SpawnPoolWorker-1 - INFO -   Starting VESSEL GRAPH EXTRACTION for: IXI015-HH-1258-MRA.nii.gz
2026-07-08 11:05:24,744 - SpawnPoolWorker-3 - INFO -   Vessel graph extracted and saved in: Results/IXI023-Guys-0699-MRA
2026-07-08 11:05:24,745 - SpawnPoolWorker-3 - INFO -   Starting METRICS COMPUTATION for: IXI023-Guys-0699-MRA.nii.gz
2026-07-08 11:05:27,006 - SpawnPoolWorker-3 - INFO -   Metrics computed and saved in: Results/IXI023-Guys-0699-MRA
2026-07-08 11:05:27,007 - SpawnPoolWorker-3 - INFO - Successfully completed processing: IXI023-Guys-0699-MRA.nii.gz
2026-07-08 11:05:39,840 - SpawnPoolWorker-2 - INFO -   Vessel graph extracted and saved in: Results/IXI002-Guys-0828-MRA
2026-07-08 11:05:39,840 - SpawnPoolWorker-2 - INFO -   Starting METRICS COMPUTATION for: IXI002-Guys-0828-MRA.nii.gz
2026-07-08 11:05:41,597 - SpawnPoolWorker-2 - INFO -   Metrics computed and saved in: Results/IXI002-Guys-0828-MRA
2026-07-08 11:05:41,597 - SpawnPoolWorker-2 - INFO - Successfully completed processing: IXI002-Guys-0828-MRA.nii.gz
2026-07-08 11:06:12,155 - SpawnPoolWorker-1 - INFO -   Vessel graph extracted and saved in: Results/IXI015-HH-1258-MRA
2026-07-08 11:06:12,155 - SpawnPoolWorker-1 - INFO -   Starting METRICS COMPUTATION for: IXI015-HH-1258-MRA.nii.gz
2026-07-08 11:06:14,513 - SpawnPoolWorker-1 - INFO -   Metrics computed and saved in: Results/IXI015-HH-1258-MRA
2026-07-08 11:06:14,513 - SpawnPoolWorker-1 - INFO - Successfully completed processing: IXI015-HH-1258-MRA.nii.gz
2026-07-08 11:06:14,540 - MainProcess - INFO - 
============================================================
2026-07-08 11:06:14,541 - MainProcess - INFO - PROCESSING SUMMARY:
2026-07-08 11:06:14,541 - MainProcess - INFO - ============================================================
2026-07-08 11:06:14,541 - MainProcess - INFO - Successfully completed: 3/3
2026-07-08 11:06:14,541 - MainProcess - INFO - Failed: 0/3
2026-07-08 11:06:14,541 - MainProcess - INFO - Success rate: 100.0%
2026-07-08 11:06:14,541 - MainProcess - INFO - 
All results saved in: /Users/alessandrobenvenuti/Desktop/Università/Thesis/CaravelMetrics/CaravelMetrics/Results
2026-07-08 11:06:14,541 - MainProcess - INFO - Log file: processing.log
